[   93776ms] [WARNING] [Vue warn]: Failed to resolve component: TilePlaceholder
If this is a native custom element, make sure to exclude it from component resolution via compilerOptions.isCustomElement. 
  at <ShowTile key=1 show= {id: 2, title: Main Stage (Subtitled), slug: main-stage-subtitled, description: Main convention stage with live subtitles for acce…ntent as the main stream with real-time captions., source: Test Stream} > 
  at <ShowsGrid errors= {} branding= {conventionName: Eurofurence, siteName: Eurofurence Streaming, logoUrl: null, identity: Object, login: Object} auth= {user: Object, can_access_manage: true, can_access_filament: false, has_server_assignment: true}  ... > 
  at <AuthenticatedLayout errors= {} branding= {conventionName: Eurofurence, siteName: Eurofurence Streaming, logoUrl: null, identity: Object, login: Object} auth= {user: Object, can_access_manage: true, can_access_filament: false, has_server_assignment: true}  ... > 
  at <Inertia initialPage= {component: ShowsGrid, props: Object, url: /, version: 4d2d47e911fa021729fef634f88ccc68, clearHistory: false} initialComponent= {layout: Object, __name: ShowsGrid, props: Object, setup: , __hmrId: f2a72ccc} resolveComponent=fn<resolveComponent>  ... > 
  at <App> @ http://[::1]:5173/node_modules/.vite/deps/chunk-HQWNKBGN.js?v=6cb87dfa:2374
[   93777ms] [WARNING] [Vue warn]: Failed to resolve component: TilePlaceholder
If this is a native custom element, make sure to exclude it from component resolution via compilerOptions.isCustomElement. 
  at <ShowTile key=1 show= {id: 3, title: Pop Quiz Hour, slug: pop-quiz-hour, description: Join us for the interactive pop quiz! Test your kn…about the convention, fandom, and special guests., source: Test Stream} > 
  at <ShowsGrid errors= {} branding= {conventionName: Eurofurence, siteName: Eurofurence Streaming, logoUrl: null, identity: Object, login: Object} auth= {user: Object, can_access_manage: true, can_access_filament: false, has_server_assignment: true}  ... > 
  at <AuthenticatedLayout errors= {} branding= {conventionName: Eurofurence, siteName: Eurofurence Streaming, logoUrl: null, identity: Object, login: Object} auth= {user: Object, can_access_manage: true, can_access_filament: false, has_server_assignment: true}  ... > 
  at <Inertia initialPage= {component: ShowsGrid, props: Object, url: /, version: 4d2d47e911fa021729fef634f88ccc68, clearHistory: false} initialComponent= {layout: Object, __name: ShowsGrid, props: Object, setup: , __hmrId: f2a72ccc} resolveComponent=fn<resolveComponent>  ... > 
  at <App> @ http://[::1]:5173/node_modules/.vite/deps/chunk-HQWNKBGN.js?v=6cb87dfa:2374
[   93778ms] [WARNING] [Vue warn]: Failed to resolve component: TilePlaceholder
If this is a native custom element, make sure to exclude it from component resolution via compilerOptions.isCustomElement. 
  at <ShowTile key=1 show= {id: 4, title: Artist Alley Showcase, slug: artist-alley-showcase, description: Meet the talented artists and see live demonstrations of various art techniques and styles., source: Test Stream} > 
  at <ShowsGrid errors= {} branding= {conventionName: Eurofurence, siteName: Eurofurence Streaming, logoUrl: null, identity: Object, login: Object} auth= {user: Object, can_access_manage: true, can_access_filament: false, has_server_assignment: true}  ... > 
  at <AuthenticatedLayout errors= {} branding= {conventionName: Eurofurence, siteName: Eurofurence Streaming, logoUrl: null, identity: Object, login: Object} auth= {user: Object, can_access_manage: true, can_access_filament: false, has_server_assignment: true}  ... > 
  at <Inertia initialPage= {component: ShowsGrid, props: Object, url: /, version: 4d2d47e911fa021729fef634f88ccc68, clearHistory: false} initialComponent= {layout: Object, __name: ShowsGrid, props: Object, setup: , __hmrId: f2a72ccc} resolveComponent=fn<resolveComponent>  ... > 
  at <App> @ http://[::1]:5173/node_modules/.vite/deps/chunk-HQWNKBGN.js?v=6cb87dfa:2374
[   93779ms] [WARNING] [Vue warn]: Failed to resolve component: TilePlaceholder
If this is a native custom element, make sure to exclude it from component resolution via compilerOptions.isCustomElement. 
  at <ShowTile key=1 show= {id: 5, title: Fursuit Parade, slug: fursuit-parade, description: The annual fursuit parade featuring hundreds of amazing costumes from attendees around the world., source: Test Stream} > 
  at <ShowsGrid errors= {} branding= {conventionName: Eurofurence, siteName: Eurofurence Streaming, logoUrl: null, identity: Object, login: Object} auth= {user: Object, can_access_manage: true, can_access_filament: false, has_server_assignment: true}  ... > 
  at <AuthenticatedLayout errors= {} branding= {conventionName: Eurofurence, siteName: Eurofurence Streaming, logoUrl: null, identity: Object, login: Object} auth= {user: Object, can_access_manage: true, can_access_filament: false, has_server_assignment: true}  ... > 
  at <Inertia initialPage= {component: ShowsGrid, props: Object, url: /, version: 4d2d47e911fa021729fef634f88ccc68, clearHistory: false} initialComponent= {layout: Object, __name: ShowsGrid, props: Object, setup: , __hmrId: f2a72ccc} resolveComponent=fn<resolveComponent>  ... > 
  at <App> @ http://[::1]:5173/node_modules/.vite/deps/chunk-HQWNKBGN.js?v=6cb87dfa:2374
[   93779ms] [WARNING] [Vue warn]: Failed to resolve component: TilePlaceholder
If this is a native custom element, make sure to exclude it from component resolution via compilerOptions.isCustomElement. 
  at <ShowTile key=1 show= {id: 6, title: Voice Acting Workshop, slug: voice-acting-workshop, description: Learn the basics of voice acting from industry professionals in this interactive workshop., source: Test Stream} > 
  at <ShowsGrid errors= {} branding= {conventionName: Eurofurence, siteName: Eurofurence Streaming, logoUrl: null, identity: Object, login: Object} auth= {user: Object, can_access_manage: true, can_access_filament: false, has_server_assignment: true}  ... > 
  at <AuthenticatedLayout errors= {} branding= {conventionName: Eurofurence, siteName: Eurofurence Streaming, logoUrl: null, identity: Object, login: Object} auth= {user: Object, can_access_manage: true, can_access_filament: false, has_server_assignment: true}  ... > 
  at <Inertia initialPage= {component: ShowsGrid, props: Object, url: /, version: 4d2d47e911fa021729fef634f88ccc68, clearHistory: false} initialComponent= {layout: Object, __name: ShowsGrid, props: Object, setup: , __hmrId: f2a72ccc} resolveComponent=fn<resolveComponent>  ... > 
  at <App> @ http://[::1]:5173/node_modules/.vite/deps/chunk-HQWNKBGN.js?v=6cb87dfa:2374
[   93780ms] [WARNING] [Vue warn]: Failed to resolve component: TilePlaceholder
If this is a native custom element, make sure to exclude it from component resolution via compilerOptions.isCustomElement. 
  at <ShowTile key=1 show= {id: 7, title: Game Show Hour, slug: game-show-hour, description: Contestants compete in various challenges and trivia games with prizes from convention sponsors., source: Test Stream} > 
  at <ShowsGrid errors= {} branding= {conventionName: Eurofurence, siteName: Eurofurence Streaming, logoUrl: null, identity: Object, login: Object} auth= {user: Object, can_access_manage: true, can_access_filament: false, has_server_assignment: true}  ... > 
  at <AuthenticatedLayout errors= {} branding= {conventionName: Eurofurence, siteName: Eurofurence Streaming, logoUrl: null, identity: Object, login: Object} auth= {user: Object, can_access_manage: true, can_access_filament: false, has_server_assignment: true}  ... > 
  at <Inertia initialPage= {component: ShowsGrid, props: Object, url: /, version: 4d2d47e911fa021729fef634f88ccc68, clearHistory: false} initialComponent= {layout: Object, __name: ShowsGrid, props: Object, setup: , __hmrId: f2a72ccc} resolveComponent=fn<resolveComponent>  ... > 
  at <App> @ http://[::1]:5173/node_modules/.vite/deps/chunk-HQWNKBGN.js?v=6cb87dfa:2374
[   93780ms] [WARNING] [Vue warn]: Failed to resolve component: TilePlaceholder
If this is a native custom element, make sure to exclude it from component resolution via compilerOptions.isCustomElement. 
  at <ShowTile key=1 show= {id: 8, title: Closing Ceremony, slug: closing-ceremony, description: Join us for the official closing ceremony, awards …tion, and announcement of next year's convention., source: Test Stream} > 
  at <ShowsGrid errors= {} branding= {conventionName: Eurofurence, siteName: Eurofurence Streaming, logoUrl: null, identity: Object, login: Object} auth= {user: Object, can_access_manage: true, can_access_filament: false, has_server_assignment: true}  ... > 
  at <AuthenticatedLayout errors= {} branding= {conventionName: Eurofurence, siteName: Eurofurence Streaming, logoUrl: null, identity: Object, login: Object} auth= {user: Object, can_access_manage: true, can_access_filament: false, has_server_assignment: true}  ... > 
  at <Inertia initialPage= {component: ShowsGrid, props: Object, url: /, version: 4d2d47e911fa021729fef634f88ccc68, clearHistory: false} initialComponent= {layout: Object, __name: ShowsGrid, props: Object, setup: , __hmrId: f2a72ccc} resolveComponent=fn<resolveComponent>  ... > 
  at <App> @ http://[::1]:5173/node_modules/.vite/deps/chunk-HQWNKBGN.js?v=6cb87dfa:2374
[   93793ms] [ERROR] WebSocket connection to 'wss://localhost:8081/app/app-key?protocol=7&client=js&version=8.4.0&flash=false' failed: Error in connection establishment: net::ERR_SSL_PROTOCOL_ERROR @ http://[::1]:5173/node_modules/.vite/deps/pusher-js.js?v=6cb87dfa:3255
[   93938ms] [ERROR] Failed to load resource: the server responded with a status of 500 (Internal Server Error) @ https://streaming.test/hls/test-stream/master.m3u8:0
[   95003ms] [ERROR] Failed to load resource: the server responded with a status of 500 (Internal Server Error) @ https://streaming.test/hls/test-stream/master.m3u8:0
[  108766ms] [ERROR] WebSocket connection to 'wss://localhost:8081/app/app-key?protocol=7&client=js&version=8.4.0&flash=false' failed: Error in connection establishment: net::ERR_SSL_PROTOCOL_ERROR @ http://[::1]:5173/node_modules/.vite/deps/pusher-js.js?v=6cb87dfa:3255
[  138765ms] [ERROR] WebSocket connection to 'wss://localhost:8081/app/app-key?protocol=7&client=js&version=8.4.0&flash=false' failed: Error in connection establishment: net::ERR_SSL_PROTOCOL_ERROR @ http://[::1]:5173/node_modules/.vite/deps/pusher-js.js?v=6cb87dfa:3255
[  139782ms] [WARNING] [Vue warn]: Failed to resolve component: TilePlaceholder
If this is a native custom element, make sure to exclude it from component resolution via compilerOptions.isCustomElement. 
  at <ShowTile key=1 show= {id: 2, title: Main Stage (Subtitled), slug: main-stage-subtitled, description: Main convention stage with live subtitles for acce…ntent as the main stream with real-time captions., source: Test Stream} > 
  at <ShowsGrid errors= {} branding= {conventionName: Eurofurence, siteName: Eurofurence Streaming, logoUrl: null, identity: Object, login: Object} auth= {user: Object, can_access_manage: true, can_access_filament: false, has_server_assignment: true}  ... > 
  at <AuthenticatedLayout errors= {} branding= {conventionName: Eurofurence, siteName: Eurofurence Streaming, logoUrl: null, identity: Object, login: Object} auth= {user: Object, can_access_manage: true, can_access_filament: false, has_server_assignment: true}  ... > 
  at <Inertia initialPage= {component: ShowsGrid, props: Object, url: /, version: 4d2d47e911fa021729fef634f88ccc68, clearHistory: false} initialComponent= {layout: Object, __name: ShowsGrid, props: Object, setup: , __hmrId: f2a72ccc} resolveComponent=fn<resolveComponent>  ... > 
  at <App> @ http://[::1]:5173/node_modules/.vite/deps/chunk-HQWNKBGN.js?v=6cb87dfa:2374
[  139783ms] [WARNING] [Vue warn]: Failed to resolve component: TilePlaceholder
If this is a native custom element, make sure to exclude it from component resolution via compilerOptions.isCustomElement. 
  at <ShowTile key=1 show= {id: 3, title: Pop Quiz Hour, slug: pop-quiz-hour, description: Join us for the interactive pop quiz! Test your kn…about the convention, fandom, and special guests., source: Test Stream} > 
  at <ShowsGrid errors= {} branding= {conventionName: Eurofurence, siteName: Eurofurence Streaming, logoUrl: null, identity: Object, login: Object} auth= {user: Object, can_access_manage: true, can_access_filament: false, has_server_assignment: true}  ... > 
  at <AuthenticatedLayout errors= {} branding= {conventionName: Eurofurence, siteName: Eurofurence Streaming, logoUrl: null, identity: Object, login: Object} auth= {user: Object, can_access_manage: true, can_access_filament: false, has_server_assignment: true}  ... > 
  at <Inertia initialPage= {component: ShowsGrid, props: Object, url: /, version: 4d2d47e911fa021729fef634f88ccc68, clearHistory: false} initialComponent= {layout: Object, __name: ShowsGrid, props: Object, setup: , __hmrId: f2a72ccc} resolveComponent=fn<resolveComponent>  ... > 
  at <App> @ http://[::1]:5173/node_modules/.vite/deps/chunk-HQWNKBGN.js?v=6cb87dfa:2374
[  139784ms] [WARNING] [Vue warn]: Failed to resolve component: TilePlaceholder
If this is a native custom element, make sure to exclude it from component resolution via compilerOptions.isCustomElement. 
  at <ShowTile key=1 show= {id: 4, title: Artist Alley Showcase, slug: artist-alley-showcase, description: Meet the talented artists and see live demonstrations of various art techniques and styles., source: Test Stream} > 
  at <ShowsGrid errors= {} branding= {conventionName: Eurofurence, siteName: Eurofurence Streaming, logoUrl: null, identity: Object, login: Object} auth= {user: Object, can_access_manage: true, can_access_filament: false, has_server_assignment: true}  ... > 
  at <AuthenticatedLayout errors= {} branding= {conventionName: Eurofurence, siteName: Eurofurence Streaming, logoUrl: null, identity: Object, login: Object} auth= {user: Object, can_access_manage: true, can_access_filament: false, has_server_assignment: true}  ... > 
  at <Inertia initialPage= {component: ShowsGrid, props: Object, url: /, version: 4d2d47e911fa021729fef634f88ccc68, clearHistory: false} initialComponent= {layout: Object, __name: ShowsGrid, props: Object, setup: , __hmrId: f2a72ccc} resolveComponent=fn<resolveComponent>  ... > 
  at <App> @ http://[::1]:5173/node_modules/.vite/deps/chunk-HQWNKBGN.js?v=6cb87dfa:2374
[  139785ms] [WARNING] [Vue warn]: Failed to resolve component: TilePlaceholder
If this is a native custom element, make sure to exclude it from component resolution via compilerOptions.isCustomElement. 
  at <ShowTile key=1 show= {id: 5, title: Fursuit Parade, slug: fursuit-parade, description: The annual fursuit parade featuring hundreds of amazing costumes from attendees around the world., source: Test Stream} > 
  at <ShowsGrid errors= {} branding= {conventionName: Eurofurence, siteName: Eurofurence Streaming, logoUrl: null, identity: Object, login: Object} auth= {user: Object, can_access_manage: true, can_access_filament: false, has_server_assignment: true}  ... > 
  at <AuthenticatedLayout errors= {} branding= {conventionName: Eurofurence, siteName: Eurofurence Streaming, logoUrl: null, identity: Object, login: Object} auth= {user: Object, can_access_manage: true, can_access_filament: false, has_server_assignment: true}  ... > 
  at <Inertia initialPage= {component: ShowsGrid, props: Object, url: /, version: 4d2d47e911fa021729fef634f88ccc68, clearHistory: false} initialComponent= {layout: Object, __name: ShowsGrid, props: Object, setup: , __hmrId: f2a72ccc} resolveComponent=fn<resolveComponent>  ... > 
  at <App> @ http://[::1]:5173/node_modules/.vite/deps/chunk-HQWNKBGN.js?v=6cb87dfa:2374
[  139786ms] [WARNING] [Vue warn]: Failed to resolve component: TilePlaceholder
If this is a native custom element, make sure to exclude it from component resolution via compilerOptions.isCustomElement. 
  at <ShowTile key=1 show= {id: 6, title: Voice Acting Workshop, slug: voice-acting-workshop, description: Learn the basics of voice acting from industry professionals in this interactive workshop., source: Test Stream} > 
  at <ShowsGrid errors= {} branding= {conventionName: Eurofurence, siteName: Eurofurence Streaming, logoUrl: null, identity: Object, login: Object} auth= {user: Object, can_access_manage: true, can_access_filament: false, has_server_assignment: true}  ... > 
  at <AuthenticatedLayout errors= {} branding= {conventionName: Eurofurence, siteName: Eurofurence Streaming, logoUrl: null, identity: Object, login: Object} auth= {user: Object, can_access_manage: true, can_access_filament: false, has_server_assignment: true}  ... > 
  at <Inertia initialPage= {component: ShowsGrid, props: Object, url: /, version: 4d2d47e911fa021729fef634f88ccc68, clearHistory: false} initialComponent= {layout: Object, __name: ShowsGrid, props: Object, setup: , __hmrId: f2a72ccc} resolveComponent=fn<resolveComponent>  ... > 
  at <App> @ http://[::1]:5173/node_modules/.vite/deps/chunk-HQWNKBGN.js?v=6cb87dfa:2374
[  139786ms] [WARNING] [Vue warn]: Failed to resolve component: TilePlaceholder
If this is a native custom element, make sure to exclude it from component resolution via compilerOptions.isCustomElement. 
  at <ShowTile key=1 show= {id: 7, title: Game Show Hour, slug: game-show-hour, description: Contestants compete in various challenges and trivia games with prizes from convention sponsors., source: Test Stream} > 
  at <ShowsGrid errors= {} branding= {conventionName: Eurofurence, siteName: Eurofurence Streaming, logoUrl: null, identity: Object, login: Object} auth= {user: Object, can_access_manage: true, can_access_filament: false, has_server_assignment: true}  ... > 
  at <AuthenticatedLayout errors= {} branding= {conventionName: Eurofurence, siteName: Eurofurence Streaming, logoUrl: null, identity: Object, login: Object} auth= {user: Object, can_access_manage: true, can_access_filament: false, has_server_assignment: true}  ... > 
  at <Inertia initialPage= {component: ShowsGrid, props: Object, url: /, version: 4d2d47e911fa021729fef634f88ccc68, clearHistory: false} initialComponent= {layout: Object, __name: ShowsGrid, props: Object, setup: , __hmrId: f2a72ccc} resolveComponent=fn<resolveComponent>  ... > 
  at <App> @ http://[::1]:5173/node_modules/.vite/deps/chunk-HQWNKBGN.js?v=6cb87dfa:2374
[  139786ms] [WARNING] [Vue warn]: Failed to resolve component: TilePlaceholder
If this is a native custom element, make sure to exclude it from component resolution via compilerOptions.isCustomElement. 
  at <ShowTile key=1 show= {id: 8, title: Closing Ceremony, slug: closing-ceremony, description: Join us for the official closing ceremony, awards …tion, and announcement of next year's convention., source: Test Stream} > 
  at <ShowsGrid errors= {} branding= {conventionName: Eurofurence, siteName: Eurofurence Streaming, logoUrl: null, identity: Object, login: Object} auth= {user: Object, can_access_manage: true, can_access_filament: false, has_server_assignment: true}  ... > 
  at <AuthenticatedLayout errors= {} branding= {conventionName: Eurofurence, siteName: Eurofurence Streaming, logoUrl: null, identity: Object, login: Object} auth= {user: Object, can_access_manage: true, can_access_filament: false, has_server_assignment: true}  ... > 
  at <Inertia initialPage= {component: ShowsGrid, props: Object, url: /, version: 4d2d47e911fa021729fef634f88ccc68, clearHistory: false} initialComponent= {layout: Object, __name: ShowsGrid, props: Object, setup: , __hmrId: f2a72ccc} resolveComponent=fn<resolveComponent>  ... > 
  at <App> @ http://[::1]:5173/node_modules/.vite/deps/chunk-HQWNKBGN.js?v=6cb87dfa:2374
[  139978ms] [ERROR] Failed to load resource: the server responded with a status of 500 (Internal Server Error) @ https://streaming.test/hls/test-stream/master.m3u8:0
[  140052ms] [WARNING] [Vue warn]: Failed to resolve component: TilePlaceholder
If this is a native custom element, make sure to exclude it from component resolution via compilerOptions.isCustomElement. 
  at <ShowTile key=1 show= {id: 2, title: Main Stage (Subtitled), slug: main-stage-subtitled, description: Main convention stage with live subtitles for acce…ntent as the main stream with real-time captions., source: Test Stream} > 
  at <ShowsGrid errors= {} branding= {conventionName: Eurofurence, siteName: Eurofurence Streaming, logoUrl: null, identity: Object, login: Object} auth= {user: Object, can_access_manage: true, can_access_filament: false, has_server_assignment: true}  ... > 
  at <AuthenticatedLayout errors= {} branding= {conventionName: Eurofurence, siteName: Eurofurence Streaming, logoUrl: null, identity: Object, login: Object} auth= {user: Object, can_access_manage: true, can_access_filament: false, has_server_assignment: true}  ... > 
  at <Inertia initialPage= {component: ShowsGrid, props: Object, url: /, version: 4d2d47e911fa021729fef634f88ccc68, clearHistory: false} initialComponent= {layout: Object, __name: ShowsGrid, props: Object, setup: , __hmrId: f2a72ccc} resolveComponent=fn<resolveComponent>  ... > 
  at <App> @ http://[::1]:5173/node_modules/.vite/deps/chunk-HQWNKBGN.js?v=6cb87dfa:2374
[  140053ms] [WARNING] [Vue warn]: Failed to resolve component: TilePlaceholder
If this is a native custom element, make sure to exclude it from component resolution via compilerOptions.isCustomElement. 
  at <ShowTile key=1 show= {id: 3, title: Pop Quiz Hour, slug: pop-quiz-hour, description: Join us for the interactive pop quiz! Test your kn…about the convention, fandom, and special guests., source: Test Stream} > 
  at <ShowsGrid errors= {} branding= {conventionName: Eurofurence, siteName: Eurofurence Streaming, logoUrl: null, identity: Object, login: Object} auth= {user: Object, can_access_manage: true, can_access_filament: false, has_server_assignment: true}  ... > 
  at <AuthenticatedLayout errors= {} branding= {conventionName: Eurofurence, siteName: Eurofurence Streaming, logoUrl: null, identity: Object, login: Object} auth= {user: Object, can_access_manage: true, can_access_filament: false, has_server_assignment: true}  ... > 
  at <Inertia initialPage= {component: ShowsGrid, props: Object, url: /, version: 4d2d47e911fa021729fef634f88ccc68, clearHistory: false} initialComponent= {layout: Object, __name: ShowsGrid, props: Object, setup: , __hmrId: f2a72ccc} resolveComponent=fn<resolveComponent>  ... > 
  at <App> @ http://[::1]:5173/node_modules/.vite/deps/chunk-HQWNKBGN.js?v=6cb87dfa:2374
[  140053ms] [WARNING] [Vue warn]: Failed to resolve component: TilePlaceholder
If this is a native custom element, make sure to exclude it from component resolution via compilerOptions.isCustomElement. 
  at <ShowTile key=1 show= {id: 4, title: Artist Alley Showcase, slug: artist-alley-showcase, description: Meet the talented artists and see live demonstrations of various art techniques and styles., source: Test Stream} > 
  at <ShowsGrid errors= {} branding= {conventionName: Eurofurence, siteName: Eurofurence Streaming, logoUrl: null, identity: Object, login: Object} auth= {user: Object, can_access_manage: true, can_access_filament: false, has_server_assignment: true}  ... > 
  at <AuthenticatedLayout errors= {} branding= {conventionName: Eurofurence, siteName: Eurofurence Streaming, logoUrl: null, identity: Object, login: Object} auth= {user: Object, can_access_manage: true, can_access_filament: false, has_server_assignment: true}  ... > 
  at <Inertia initialPage= {component: ShowsGrid, props: Object, url: /, version: 4d2d47e911fa021729fef634f88ccc68, clearHistory: false} initialComponent= {layout: Object, __name: ShowsGrid, props: Object, setup: , __hmrId: f2a72ccc} resolveComponent=fn<resolveComponent>  ... > 
  at <App> @ http://[::1]:5173/node_modules/.vite/deps/chunk-HQWNKBGN.js?v=6cb87dfa:2374
[  140054ms] [WARNING] [Vue warn]: Failed to resolve component: TilePlaceholder
If this is a native custom element, make sure to exclude it from component resolution via compilerOptions.isCustomElement. 
  at <ShowTile key=1 show= {id: 5, title: Fursuit Parade, slug: fursuit-parade, description: The annual fursuit parade featuring hundreds of amazing costumes from attendees around the world., source: Test Stream} > 
  at <ShowsGrid errors= {} branding= {conventionName: Eurofurence, siteName: Eurofurence Streaming, logoUrl: null, identity: Object, login: Object} auth= {user: Object, can_access_manage: true, can_access_filament: false, has_server_assignment: true}  ... > 
  at <AuthenticatedLayout errors= {} branding= {conventionName: Eurofurence, siteName: Eurofurence Streaming, logoUrl: null, identity: Object, login: Object} auth= {user: Object, can_access_manage: true, can_access_filament: false, has_server_assignment: true}  ... > 
  at <Inertia initialPage= {component: ShowsGrid, props: Object, url: /, version: 4d2d47e911fa021729fef634f88ccc68, clearHistory: false} initialComponent= {layout: Object, __name: ShowsGrid, props: Object, setup: , __hmrId: f2a72ccc} resolveComponent=fn<resolveComponent>  ... > 
  at <App> @ http://[::1]:5173/node_modules/.vite/deps/chunk-HQWNKBGN.js?v=6cb87dfa:2374
[  140055ms] [WARNING] [Vue warn]: Failed to resolve component: TilePlaceholder
If this is a native custom element, make sure to exclude it from component resolution via compilerOptions.isCustomElement. 
  at <ShowTile key=1 show= {id: 6, title: Voice Acting Workshop, slug: voice-acting-workshop, description: Learn the basics of voice acting from industry professionals in this interactive workshop., source: Test Stream} > 
  at <ShowsGrid errors= {} branding= {conventionName: Eurofurence, siteName: Eurofurence Streaming, logoUrl: null, identity: Object, login: Object} auth= {user: Object, can_access_manage: true, can_access_filament: false, has_server_assignment: true}  ... > 
  at <AuthenticatedLayout errors= {} branding= {conventionName: Eurofurence, siteName: Eurofurence Streaming, logoUrl: null, identity: Object, login: Object} auth= {user: Object, can_access_manage: true, can_access_filament: false, has_server_assignment: true}  ... > 
  at <Inertia initialPage= {component: ShowsGrid, props: Object, url: /, version: 4d2d47e911fa021729fef634f88ccc68, clearHistory: false} initialComponent= {layout: Object, __name: ShowsGrid, props: Object, setup: , __hmrId: f2a72ccc} resolveComponent=fn<resolveComponent>  ... > 
  at <App> @ http://[::1]:5173/node_modules/.vite/deps/chunk-HQWNKBGN.js?v=6cb87dfa:2374
[  140056ms] [WARNING] [Vue warn]: Failed to resolve component: TilePlaceholder
If this is a native custom element, make sure to exclude it from component resolution via compilerOptions.isCustomElement. 
  at <ShowTile key=1 show= {id: 7, title: Game Show Hour, slug: game-show-hour, description: Contestants compete in various challenges and trivia games with prizes from convention sponsors., source: Test Stream} > 
  at <ShowsGrid errors= {} branding= {conventionName: Eurofurence, siteName: Eurofurence Streaming, logoUrl: null, identity: Object, login: Object} auth= {user: Object, can_access_manage: true, can_access_filament: false, has_server_assignment: true}  ... > 
  at <AuthenticatedLayout errors= {} branding= {conventionName: Eurofurence, siteName: Eurofurence Streaming, logoUrl: null, identity: Object, login: Object} auth= {user: Object, can_access_manage: true, can_access_filament: false, has_server_assignment: true}  ... > 
  at <Inertia initialPage= {component: ShowsGrid, props: Object, url: /, version: 4d2d47e911fa021729fef634f88ccc68, clearHistory: false} initialComponent= {layout: Object, __name: ShowsGrid, props: Object, setup: , __hmrId: f2a72ccc} resolveComponent=fn<resolveComponent>  ... > 
  at <App> @ http://[::1]:5173/node_modules/.vite/deps/chunk-HQWNKBGN.js?v=6cb87dfa:2374
[  140056ms] [WARNING] [Vue warn]: Failed to resolve component: TilePlaceholder
If this is a native custom element, make sure to exclude it from component resolution via compilerOptions.isCustomElement. 
  at <ShowTile key=1 show= {id: 8, title: Closing Ceremony, slug: closing-ceremony, description: Join us for the official closing ceremony, awards …tion, and announcement of next year's convention., source: Test Stream} > 
  at <ShowsGrid errors= {} branding= {conventionName: Eurofurence, siteName: Eurofurence Streaming, logoUrl: null, identity: Object, login: Object} auth= {user: Object, can_access_manage: true, can_access_filament: false, has_server_assignment: true}  ... > 
  at <AuthenticatedLayout errors= {} branding= {conventionName: Eurofurence, siteName: Eurofurence Streaming, logoUrl: null, identity: Object, login: Object} auth= {user: Object, can_access_manage: true, can_access_filament: false, has_server_assignment: true}  ... > 
  at <Inertia initialPage= {component: ShowsGrid, props: Object, url: /, version: 4d2d47e911fa021729fef634f88ccc68, clearHistory: false} initialComponent= {layout: Object, __name: ShowsGrid, props: Object, setup: , __hmrId: f2a72ccc} resolveComponent=fn<resolveComponent>  ... > 
  at <App> @ http://[::1]:5173/node_modules/.vite/deps/chunk-HQWNKBGN.js?v=6cb87dfa:2374
[  140067ms] [ERROR] WebSocket connection to 'wss://localhost:8081/app/app-key?protocol=7&client=js&version=8.4.0&flash=false' failed: Error in connection establishment: net::ERR_SSL_PROTOCOL_ERROR @ http://[::1]:5173/node_modules/.vite/deps/pusher-js.js?v=6cb87dfa:3255
[  140113ms] [ERROR] Failed to load resource: the server responded with a status of 500 (Internal Server Error) @ https://streaming.test/hls/test-stream/master.m3u8:0
[  141177ms] [ERROR] Failed to load resource: the server responded with a status of 500 (Internal Server Error) @ https://streaming.test/hls/test-stream/master.m3u8:0
[  155050ms] [ERROR] WebSocket connection to 'wss://localhost:8081/app/app-key?protocol=7&client=js&version=8.4.0&flash=false' failed: Error in connection establishment: net::ERR_SSL_PROTOCOL_ERROR @ http://[::1]:5173/node_modules/.vite/deps/pusher-js.js?v=6cb87dfa:3255
[  185048ms] [ERROR] WebSocket connection to 'wss://localhost:8081/app/app-key?protocol=7&client=js&version=8.4.0&flash=false' failed: Error in connection establishment: net::ERR_SSL_PROTOCOL_ERROR @ http://[::1]:5173/node_modules/.vite/deps/pusher-js.js?v=6cb87dfa:3255
[  209505ms] [ERROR] Failed to load resource: the server responded with a status of 500 (Internal Server Error) @ https://streaming.test/hls/test-stream/master.m3u8:0
[  210572ms] [ERROR] Failed to load resource: the server responded with a status of 500 (Internal Server Error) @ https://streaming.test/hls/test-stream/master.m3u8:0
[  210968ms] [ERROR] WebSocket connection to 'wss://localhost:8081/app/app-key?protocol=7&client=js&version=8.4.0&flash=false' failed: Error in connection establishment: net::ERR_SSL_PROTOCOL_ERROR @ http://[::1]:5173/node_modules/.vite/deps/pusher-js.js?v=6cb87dfa:3255
[  211072ms] [ERROR] Failed to load resource: the server responded with a status of 500 (Internal Server Error) @ https://streaming.test/hls/test-stream/master.m3u8:0
[  212138ms] [ERROR] Failed to load resource: the server responded with a status of 500 (Internal Server Error) @ https://streaming.test/hls/test-stream/master.m3u8:0
[  225941ms] [ERROR] WebSocket connection to 'wss://localhost:8081/app/app-key?protocol=7&client=js&version=8.4.0&flash=false' failed: Error in connection establishment: net::ERR_SSL_PROTOCOL_ERROR @ http://[::1]:5173/node_modules/.vite/deps/pusher-js.js?v=6cb87dfa:3255
[  255939ms] [ERROR] WebSocket connection to 'wss://localhost:8081/app/app-key?protocol=7&client=js&version=8.4.0&flash=false' failed: Error in connection establishment: net::ERR_SSL_PROTOCOL_ERROR @ http://[::1]:5173/node_modules/.vite/deps/pusher-js.js?v=6cb87dfa:3255
[  315939ms] [ERROR] WebSocket connection to 'wss://localhost:8081/app/app-key?protocol=7&client=js&version=8.4.0&flash=false' failed: Error in connection establishment: net::ERR_SSL_PROTOCOL_ERROR @ http://[::1]:5173/node_modules/.vite/deps/pusher-js.js?v=6cb87dfa:3255
[  375941ms] [ERROR] WebSocket connection to 'wss://localhost:8081/app/app-key?protocol=7&client=js&version=8.4.0&flash=false' failed: Error in connection establishment: net::ERR_SSL_PROTOCOL_ERROR @ http://[::1]:5173/node_modules/.vite/deps/pusher-js.js?v=6cb87dfa:3255
[  435943ms] [ERROR] WebSocket connection to 'wss://localhost:8081/app/app-key?protocol=7&client=js&version=8.4.0&flash=false' failed: Error in connection establishment: net::ERR_SSL_PROTOCOL_ERROR @ http://[::1]:5173/node_modules/.vite/deps/pusher-js.js?v=6cb87dfa:3255
