[     254ms] [ERROR] WebSocket connection to 'wss://localhost:8081/app/app-key?protocol=7&client=js&version=8.4.0&flash=false' failed: Error in connection establishment: net::ERR_SSL_PROTOCOL_ERROR @ http://[::1]:5173/node_modules/.vite/deps/pusher-js.js?v=6cb87dfa:3255
[     356ms] [ERROR] Failed to load resource: the server responded with a status of 500 (Internal Server Error) @ https://streaming.test/hls/prime/master.m3u8:0
[    1417ms] [ERROR] Failed to load resource: the server responded with a status of 500 (Internal Server Error) @ https://streaming.test/hls/prime/master.m3u8:0
[   15258ms] [ERROR] WebSocket connection to 'wss://localhost:8081/app/app-key?protocol=7&client=js&version=8.4.0&flash=false' failed: Error in connection establishment: net::ERR_SSL_PROTOCOL_ERROR @ http://[::1]:5173/node_modules/.vite/deps/pusher-js.js?v=6cb87dfa:3255
[   39668ms] [ERROR] WebSocket connection to 'wss://localhost:8081/app/app-key?protocol=7&client=js&version=8.4.0&flash=false' failed: Error in connection establishment: net::ERR_SSL_PROTOCOL_ERROR @ http://[::1]:5173/node_modules/.vite/deps/pusher-js.js?v=6cb87dfa:3255
[   39905ms] [ERROR] Failed to load resource: the server responded with a status of 500 (Internal Server Error) @ https://streaming.test/hls/prime/master.m3u8:0
[   40987ms] [ERROR] Failed to load resource: the server responded with a status of 500 (Internal Server Error) @ https://streaming.test/hls/prime/master.m3u8:0
[   54644ms] [ERROR] WebSocket connection to 'wss://localhost:8081/app/app-key?protocol=7&client=js&version=8.4.0&flash=false' failed: Error in connection establishment: net::ERR_SSL_PROTOCOL_ERROR @ http://[::1]:5173/node_modules/.vite/deps/pusher-js.js?v=6cb87dfa:3255
[   84651ms] [ERROR] WebSocket connection to 'wss://localhost:8081/app/app-key?protocol=7&client=js&version=8.4.0&flash=false' failed: Error in connection establishment: net::ERR_SSL_PROTOCOL_ERROR @ http://[::1]:5173/node_modules/.vite/deps/pusher-js.js?v=6cb87dfa:3255
[  144645ms] [ERROR] WebSocket connection to 'wss://localhost:8081/app/app-key?protocol=7&client=js&version=8.4.0&flash=false' failed: Error in connection establishment: net::ERR_SSL_PROTOCOL_ERROR @ http://[::1]:5173/node_modules/.vite/deps/pusher-js.js?v=6cb87dfa:3255
[  204645ms] [ERROR] WebSocket connection to 'wss://localhost:8081/app/app-key?protocol=7&client=js&version=8.4.0&flash=false' failed: Error in connection establishment: net::ERR_SSL_PROTOCOL_ERROR @ http://[::1]:5173/node_modules/.vite/deps/pusher-js.js?v=6cb87dfa:3255
[  264658ms] [ERROR] WebSocket connection to 'wss://localhost:8081/app/app-key?protocol=7&client=js&version=8.4.0&flash=false' failed: Error in connection establishment: net::ERR_SSL_PROTOCOL_ERROR @ http://[::1]:5173/node_modules/.vite/deps/pusher-js.js?v=6cb87dfa:3255
[  274241ms] [ERROR] Failed to load resource: the server responded with a status of 500 (Internal Server Error) @ https://streaming.test/:0
[  274280ms] [INFO] %cDownload the React DevTools for a better development experience: https://reactjs.org/link/react-devtools font-weight:bold @ https://streaming.test/:131
[  274290ms] [LOG] {report: Object, shareableReport: Object, config: Object, solutions: Array(1), updateConfigEndpoint: /_ignition/update-config} {frames: Array(38), context_items: Object, custom_context_items: Array(0), type: web, entry_point: https://streaming.test/} @ https://streaming.test/:136
[  277732ms] [ERROR] Failed to load resource: the server responded with a status of 500 (Internal Server Error) @ https://streaming.test/:0
[  277747ms] [INFO] %cDownload the React DevTools for a better development experience: https://reactjs.org/link/react-devtools font-weight:bold @ https://streaming.test/:131
[  277750ms] [LOG] {report: Object, shareableReport: Object, config: Object, solutions: Array(1), updateConfigEndpoint: /_ignition/update-config} {frames: Array(38), context_items: Object, custom_context_items: Array(0), type: web, entry_point: https://streaming.test/} @ https://streaming.test/:136
[  282598ms] [ERROR] WebSocket connection to 'wss://localhost:8081/app/app-key?protocol=7&client=js&version=8.4.0&flash=false' failed: Error in connection establishment: net::ERR_SSL_PROTOCOL_ERROR @ http://[::1]:5173/node_modules/.vite/deps/pusher-js.js?v=6cb87dfa:3255
[  282965ms] [ERROR] Failed to load resource: the server responded with a status of 500 (Internal Server Error) @ https://streaming.test/hls/prime/master.m3u8:0
[  284035ms] [ERROR] Failed to load resource: the server responded with a status of 500 (Internal Server Error) @ https://streaming.test/hls/prime/master.m3u8:0
[  287027ms] [ERROR] WebSocket connection to 'wss://localhost:8081/app/app-key?protocol=7&client=js&version=8.4.0&flash=false' failed: Error in connection establishment: net::ERR_SSL_PROTOCOL_ERROR @ http://[::1]:5173/node_modules/.vite/deps/pusher-js.js?v=6cb87dfa:3255
[  287165ms] [ERROR] Failed to load resource: the server responded with a status of 500 (Internal Server Error) @ https://streaming.test/hls/prime/master.m3u8:0
[  288259ms] [ERROR] Failed to load resource: the server responded with a status of 500 (Internal Server Error) @ https://streaming.test/hls/prime/master.m3u8:0
[  300731ms] [ERROR] WebSocket connection to 'wss://localhost:8081/app/app-key?protocol=7&client=js&version=8.4.0&flash=false' failed: Error in connection establishment: net::ERR_SSL_PROTOCOL_ERROR @ http://[::1]:5173/node_modules/.vite/deps/pusher-js.js?v=6cb87dfa:3255
[  300788ms] [ERROR] Failed to load resource: the server responded with a status of 500 (Internal Server Error) @ https://streaming.test/hls/prime/master.m3u8:0
[  302106ms] [ERROR] Failed to load resource: the server responded with a status of 500 (Internal Server Error) @ https://streaming.test/hls/prime/master.m3u8:0
[  308395ms] [ERROR] WebSocket connection to 'wss://localhost:8081/app/app-key?protocol=7&client=js&version=8.4.0&flash=false' failed: Error in connection establishment: net::ERR_SSL_PROTOCOL_ERROR @ http://[::1]:5173/node_modules/.vite/deps/pusher-js.js?v=6cb87dfa:3255
[  308548ms] [ERROR] Failed to load resource: the server responded with a status of 500 (Internal Server Error) @ https://streaming.test/hls/prime/master.m3u8:0
[  309601ms] [ERROR] Failed to load resource: the server responded with a status of 500 (Internal Server Error) @ https://streaming.test/hls/prime/master.m3u8:0
[  323373ms] [ERROR] WebSocket connection to 'wss://localhost:8081/app/app-key?protocol=7&client=js&version=8.4.0&flash=false' failed: Error in connection establishment: net::ERR_SSL_PROTOCOL_ERROR @ http://[::1]:5173/node_modules/.vite/deps/pusher-js.js?v=6cb87dfa:3255
[  344915ms] [ERROR] WebSocket connection to 'wss://localhost:8081/app/app-key?protocol=7&client=js&version=8.4.0&flash=false' failed: Error in connection establishment: net::ERR_SSL_PROTOCOL_ERROR @ http://[::1]:5173/node_modules/.vite/deps/pusher-js.js?v=6cb87dfa:3255
[  344965ms] [ERROR] Failed to load resource: the server responded with a status of 500 (Internal Server Error) @ https://streaming.test/hls/prime/master.m3u8:0
[  346044ms] [ERROR] Failed to load resource: the server responded with a status of 500 (Internal Server Error) @ https://streaming.test/hls/prime/master.m3u8:0
[  359895ms] [ERROR] WebSocket connection to 'wss://localhost:8081/app/app-key?protocol=7&client=js&version=8.4.0&flash=false' failed: Error in connection establishment: net::ERR_SSL_PROTOCOL_ERROR @ http://[::1]:5173/node_modules/.vite/deps/pusher-js.js?v=6cb87dfa:3255
[  365380ms] [ERROR] WebSocket connection to 'wss://localhost:8081/app/app-key?protocol=7&client=js&version=8.4.0&flash=false' failed: Error in connection establishment: net::ERR_SSL_PROTOCOL_ERROR @ http://[::1]:5173/node_modules/.vite/deps/pusher-js.js?v=6cb87dfa:3255
[  365429ms] [ERROR] Failed to load resource: the server responded with a status of 500 (Internal Server Error) @ https://streaming.test/hls/prime/master.m3u8:0
[  366488ms] [ERROR] Failed to load resource: the server responded with a status of 500 (Internal Server Error) @ https://streaming.test/hls/prime/master.m3u8:0
[  373468ms] [ERROR] WebSocket connection to 'wss://localhost:8081/app/app-key?protocol=7&client=js&version=8.4.0&flash=false' failed: Error in connection establishment: net::ERR_SSL_PROTOCOL_ERROR @ http://[::1]:5173/node_modules/.vite/deps/pusher-js.js?v=6cb87dfa:3255
[  373536ms] [ERROR] Failed to load resource: the server responded with a status of 500 (Internal Server Error) @ https://streaming.test/hls/prime/master.m3u8:0
[  374599ms] [ERROR] Failed to load resource: the server responded with a status of 500 (Internal Server Error) @ https://streaming.test/hls/prime/master.m3u8:0
[  388448ms] [ERROR] WebSocket connection to 'wss://localhost:8081/app/app-key?protocol=7&client=js&version=8.4.0&flash=false' failed: Error in connection establishment: net::ERR_SSL_PROTOCOL_ERROR @ http://[::1]:5173/node_modules/.vite/deps/pusher-js.js?v=6cb87dfa:3255
[  388781ms] [ERROR] WebSocket connection to 'wss://localhost:8081/app/app-key?protocol=7&client=js&version=8.4.0&flash=false' failed: Error in connection establishment: net::ERR_SSL_PROTOCOL_ERROR @ http://[::1]:5173/node_modules/.vite/deps/pusher-js.js?v=6cb87dfa:3255
[  388888ms] [ERROR] Failed to load resource: the server responded with a status of 500 (Internal Server Error) @ https://streaming.test/hls/prime/master.m3u8:0
[  389953ms] [ERROR] Failed to load resource: the server responded with a status of 500 (Internal Server Error) @ https://streaming.test/hls/prime/master.m3u8:0
[  402183ms] [ERROR] WebSocket connection to 'wss://localhost:8081/app/app-key?protocol=7&client=js&version=8.4.0&flash=false' failed: Error in connection establishment: net::ERR_SSL_PROTOCOL_ERROR @ http://[::1]:5173/node_modules/.vite/deps/pusher-js.js?v=6cb87dfa:3255
[  402287ms] [ERROR] Failed to load resource: the server responded with a status of 500 (Internal Server Error) @ https://streaming.test/hls/prime/master.m3u8:0
[  403350ms] [ERROR] Failed to load resource: the server responded with a status of 500 (Internal Server Error) @ https://streaming.test/hls/prime/master.m3u8:0
[  417174ms] [ERROR] WebSocket connection to 'wss://localhost:8081/app/app-key?protocol=7&client=js&version=8.4.0&flash=false' failed: Error in connection establishment: net::ERR_SSL_PROTOCOL_ERROR @ http://[::1]:5173/node_modules/.vite/deps/pusher-js.js?v=6cb87dfa:3255
[  447174ms] [ERROR] WebSocket connection to 'wss://localhost:8081/app/app-key?protocol=7&client=js&version=8.4.0&flash=false' failed: Error in connection establishment: net::ERR_SSL_PROTOCOL_ERROR @ http://[::1]:5173/node_modules/.vite/deps/pusher-js.js?v=6cb87dfa:3255
[  462973ms] [ERROR] WebSocket connection to 'wss://localhost:8081/app/app-key?protocol=7&client=js&version=8.4.0&flash=false' failed: Error in connection establishment: net::ERR_SSL_PROTOCOL_ERROR @ http://[::1]:5173/node_modules/.vite/deps/pusher-js.js?v=6cb87dfa:3255
[  463104ms] [ERROR] Failed to load resource: the server responded with a status of 500 (Internal Server Error) @ https://streaming.test/hls/prime/master.m3u8:0
[  464177ms] [ERROR] Failed to load resource: the server responded with a status of 500 (Internal Server Error) @ https://streaming.test/hls/prime/master.m3u8:0
[  474843ms] [ERROR] WebSocket connection to 'wss://localhost:8081/app/app-key?protocol=7&client=js&version=8.4.0&flash=false' failed: Error in connection establishment: net::ERR_SSL_PROTOCOL_ERROR @ http://[::1]:5173/node_modules/.vite/deps/pusher-js.js?v=6cb87dfa:3255
[  475032ms] [ERROR] Failed to load resource: the server responded with a status of 500 (Internal Server Error) @ https://streaming.test/hls/prime/master.m3u8:0
[  476099ms] [ERROR] Failed to load resource: the server responded with a status of 500 (Internal Server Error) @ https://streaming.test/hls/prime/master.m3u8:0
[  489818ms] [ERROR] WebSocket connection to 'wss://localhost:8081/app/app-key?protocol=7&client=js&version=8.4.0&flash=false' failed: Error in connection establishment: net::ERR_SSL_PROTOCOL_ERROR @ http://[::1]:5173/node_modules/.vite/deps/pusher-js.js?v=6cb87dfa:3255
[  491243ms] [ERROR] WebSocket connection to 'wss://localhost:8081/app/app-key?protocol=7&client=js&version=8.4.0&flash=false' failed: Error in connection establishment: net::ERR_SSL_PROTOCOL_ERROR @ http://[::1]:5173/node_modules/.vite/deps/pusher-js.js?v=6cb87dfa:3255
[  491366ms] [ERROR] Failed to load resource: the server responded with a status of 500 (Internal Server Error) @ https://streaming.test/hls/prime/master.m3u8:0
[  492439ms] [ERROR] Failed to load resource: the server responded with a status of 500 (Internal Server Error) @ https://streaming.test/hls/prime/master.m3u8:0
[  506217ms] [ERROR] WebSocket connection to 'wss://localhost:8081/app/app-key?protocol=7&client=js&version=8.4.0&flash=false' failed: Error in connection establishment: net::ERR_SSL_PROTOCOL_ERROR @ http://[::1]:5173/node_modules/.vite/deps/pusher-js.js?v=6cb87dfa:3255
