[     195ms] [ERROR] WebSocket connection to 'wss://localhost:8081/app/app-key?protocol=7&client=js&version=8.4.0&flash=false' failed: Error in connection establishment: net::ERR_SSL_PROTOCOL_ERROR @ http://[::1]:5173/node_modules/.vite/deps/pusher-js.js?v=6cb87dfa:3255
[     275ms] [ERROR] Failed to load resource: the server responded with a status of 500 (Internal Server Error) @ https://streaming.test/hls/prime/master.m3u8:0
[    1341ms] [ERROR] Failed to load resource: the server responded with a status of 500 (Internal Server Error) @ https://streaming.test/hls/prime/master.m3u8:0
[   10337ms] [ERROR] WebSocket connection to 'wss://localhost:8081/app/app-key?protocol=7&client=js&version=8.4.0&flash=false' failed: Error in connection establishment: net::ERR_SSL_PROTOCOL_ERROR @ http://[::1]:5173/node_modules/.vite/deps/pusher-js.js?v=6cb87dfa:3255
[   10466ms] [ERROR] Failed to load resource: the server responded with a status of 500 (Internal Server Error) @ https://streaming.test/hls/prime/master.m3u8:0
[   11555ms] [ERROR] Failed to load resource: the server responded with a status of 500 (Internal Server Error) @ https://streaming.test/hls/prime/master.m3u8:0
[   25318ms] [ERROR] WebSocket connection to 'wss://localhost:8081/app/app-key?protocol=7&client=js&version=8.4.0&flash=false' failed: Error in connection establishment: net::ERR_SSL_PROTOCOL_ERROR @ http://[::1]:5173/node_modules/.vite/deps/pusher-js.js?v=6cb87dfa:3255
[   36679ms] [ERROR] WebSocket connection to 'wss://localhost:8081/app/app-key?protocol=7&client=js&version=8.4.0&flash=false' failed: Error in connection establishment: net::ERR_SSL_PROTOCOL_ERROR @ http://[::1]:5173/node_modules/.vite/deps/pusher-js.js?v=6cb87dfa:3255
[   36787ms] [ERROR] Failed to load resource: the server responded with a status of 500 (Internal Server Error) @ https://streaming.test/hls/prime/master.m3u8:0
[   37846ms] [ERROR] Failed to load resource: the server responded with a status of 500 (Internal Server Error) @ https://streaming.test/hls/prime/master.m3u8:0
[   51654ms] [ERROR] WebSocket connection to 'wss://localhost:8081/app/app-key?protocol=7&client=js&version=8.4.0&flash=false' failed: Error in connection establishment: net::ERR_SSL_PROTOCOL_ERROR @ http://[::1]:5173/node_modules/.vite/deps/pusher-js.js?v=6cb87dfa:3255
[   65239ms] [ERROR] WebSocket connection to 'wss://localhost:8081/app/app-key?protocol=7&client=js&version=8.4.0&flash=false' failed: Error in connection establishment: net::ERR_SSL_PROTOCOL_ERROR @ http://[::1]:5173/node_modules/.vite/deps/pusher-js.js?v=6cb87dfa:3255
[   65446ms] [ERROR] Failed to load resource: the server responded with a status of 500 (Internal Server Error) @ https://streaming.test/hls/prime/master.m3u8:0
[   66554ms] [ERROR] Failed to load resource: the server responded with a status of 500 (Internal Server Error) @ https://streaming.test/hls/prime/master.m3u8:0
[   80210ms] [ERROR] WebSocket connection to 'wss://localhost:8081/app/app-key?protocol=7&client=js&version=8.4.0&flash=false' failed: Error in connection establishment: net::ERR_SSL_PROTOCOL_ERROR @ http://[::1]:5173/node_modules/.vite/deps/pusher-js.js?v=6cb87dfa:3255
[  110213ms] [ERROR] WebSocket connection to 'wss://localhost:8081/app/app-key?protocol=7&client=js&version=8.4.0&flash=false' failed: Error in connection establishment: net::ERR_SSL_PROTOCOL_ERROR @ http://[::1]:5173/node_modules/.vite/deps/pusher-js.js?v=6cb87dfa:3255
[  170213ms] [ERROR] WebSocket connection to 'wss://localhost:8081/app/app-key?protocol=7&client=js&version=8.4.0&flash=false' failed: Error in connection establishment: net::ERR_SSL_PROTOCOL_ERROR @ http://[::1]:5173/node_modules/.vite/deps/pusher-js.js?v=6cb87dfa:3255
[  178261ms] [ERROR] WebSocket connection to 'wss://localhost:8081/app/app-key?protocol=7&client=js&version=8.4.0&flash=false' failed: Error in connection establishment: net::ERR_SSL_PROTOCOL_ERROR @ http://[::1]:5173/node_modules/.vite/deps/pusher-js.js?v=6cb87dfa:3255
[  178411ms] [ERROR] Failed to load resource: the server responded with a status of 500 (Internal Server Error) @ https://streaming.test/hls/prime/master.m3u8:0
[  179483ms] [ERROR] Failed to load resource: the server responded with a status of 500 (Internal Server Error) @ https://streaming.test/hls/prime/master.m3u8:0
[  193263ms] [ERROR] WebSocket connection to 'wss://localhost:8081/app/app-key?protocol=7&client=js&version=8.4.0&flash=false' failed: Error in connection establishment: net::ERR_SSL_PROTOCOL_ERROR @ http://[::1]:5173/node_modules/.vite/deps/pusher-js.js?v=6cb87dfa:3255
[  223260ms] [ERROR] WebSocket connection to 'wss://localhost:8081/app/app-key?protocol=7&client=js&version=8.4.0&flash=false' failed: Error in connection establishment: net::ERR_SSL_PROTOCOL_ERROR @ http://[::1]:5173/node_modules/.vite/deps/pusher-js.js?v=6cb87dfa:3255
[  231588ms] [ERROR] WebSocket connection to 'wss://localhost:8081/app/app-key?protocol=7&client=js&version=8.4.0&flash=false' failed: Error in connection establishment: net::ERR_SSL_PROTOCOL_ERROR @ http://[::1]:5173/node_modules/.vite/deps/pusher-js.js?v=6cb87dfa:3255
[  231695ms] [ERROR] Failed to load resource: the server responded with a status of 500 (Internal Server Error) @ https://streaming.test/hls/prime/master.m3u8:0
[  232763ms] [ERROR] Failed to load resource: the server responded with a status of 500 (Internal Server Error) @ https://streaming.test/hls/prime/master.m3u8:0
[  246565ms] [ERROR] WebSocket connection to 'wss://localhost:8081/app/app-key?protocol=7&client=js&version=8.4.0&flash=false' failed: Error in connection establishment: net::ERR_SSL_PROTOCOL_ERROR @ http://[::1]:5173/node_modules/.vite/deps/pusher-js.js?v=6cb87dfa:3255
[  253676ms] [ERROR] WebSocket connection to 'wss://localhost:8081/app/app-key?protocol=7&client=js&version=8.4.0&flash=false' failed: Error in connection establishment: net::ERR_SSL_PROTOCOL_ERROR @ http://[::1]:5173/node_modules/.vite/deps/pusher-js.js?v=6cb87dfa:3255
[  253827ms] [ERROR] Failed to load resource: the server responded with a status of 500 (Internal Server Error) @ https://streaming.test/hls/prime/master.m3u8:0
[  254901ms] [ERROR] Failed to load resource: the server responded with a status of 500 (Internal Server Error) @ https://streaming.test/hls/prime/master.m3u8:0
[  268647ms] [ERROR] WebSocket connection to 'wss://localhost:8081/app/app-key?protocol=7&client=js&version=8.4.0&flash=false' failed: Error in connection establishment: net::ERR_SSL_PROTOCOL_ERROR @ http://[::1]:5173/node_modules/.vite/deps/pusher-js.js?v=6cb87dfa:3255
[  278046ms] [ERROR] WebSocket connection to 'wss://localhost:8081/app/app-key?protocol=7&client=js&version=8.4.0&flash=false' failed: Error in connection establishment: net::ERR_SSL_PROTOCOL_ERROR @ http://[::1]:5173/node_modules/.vite/deps/pusher-js.js?v=6cb87dfa:3255
[  278174ms] [ERROR] Failed to load resource: the server responded with a status of 500 (Internal Server Error) @ https://streaming.test/hls/prime/master.m3u8:0
[  279237ms] [ERROR] Failed to load resource: the server responded with a status of 500 (Internal Server Error) @ https://streaming.test/hls/prime/master.m3u8:0
[  293013ms] [ERROR] WebSocket connection to 'wss://localhost:8081/app/app-key?protocol=7&client=js&version=8.4.0&flash=false' failed: Error in connection establishment: net::ERR_SSL_PROTOCOL_ERROR @ http://[::1]:5173/node_modules/.vite/deps/pusher-js.js?v=6cb87dfa:3255
[  311857ms] [ERROR] WebSocket connection to 'wss://localhost:8081/app/app-key?protocol=7&client=js&version=8.4.0&flash=false' failed: Error in connection establishment: net::ERR_SSL_PROTOCOL_ERROR @ http://[::1]:5173/node_modules/.vite/deps/pusher-js.js?v=6cb87dfa:3255
[  311973ms] [ERROR] Failed to load resource: the server responded with a status of 500 (Internal Server Error) @ https://streaming.test/hls/prime/master.m3u8:0
[  313042ms] [ERROR] Failed to load resource: the server responded with a status of 500 (Internal Server Error) @ https://streaming.test/hls/prime/master.m3u8:0
[  326835ms] [ERROR] WebSocket connection to 'wss://localhost:8081/app/app-key?protocol=7&client=js&version=8.4.0&flash=false' failed: Error in connection establishment: net::ERR_SSL_PROTOCOL_ERROR @ http://[::1]:5173/node_modules/.vite/deps/pusher-js.js?v=6cb87dfa:3255
[  356836ms] [ERROR] WebSocket connection to 'wss://localhost:8081/app/app-key?protocol=7&client=js&version=8.4.0&flash=false' failed: Error in connection establishment: net::ERR_SSL_PROTOCOL_ERROR @ http://[::1]:5173/node_modules/.vite/deps/pusher-js.js?v=6cb87dfa:3255
[  365406ms] [ERROR] WebSocket connection to 'wss://localhost:8081/app/app-key?protocol=7&client=js&version=8.4.0&flash=false' failed: Error in connection establishment: net::ERR_SSL_PROTOCOL_ERROR @ http://[::1]:5173/node_modules/.vite/deps/pusher-js.js?v=6cb87dfa:3255
[  365621ms] [ERROR] Failed to load resource: the server responded with a status of 500 (Internal Server Error) @ https://streaming.test/hls/prime/master.m3u8:0
[  366703ms] [ERROR] Failed to load resource: the server responded with a status of 500 (Internal Server Error) @ https://streaming.test/hls/prime/master.m3u8:0
[  378956ms] [ERROR] WebSocket connection to 'wss://localhost:8081/app/app-key?protocol=7&client=js&version=8.4.0&flash=false' failed: Error in connection establishment: net::ERR_SSL_PROTOCOL_ERROR @ http://[::1]:5173/node_modules/.vite/deps/pusher-js.js?v=6cb87dfa:3255
[  379078ms] [ERROR] Failed to load resource: the server responded with a status of 500 (Internal Server Error) @ https://streaming.test/hls/prime/master.m3u8:0
[  380178ms] [ERROR] Failed to load resource: the server responded with a status of 500 (Internal Server Error) @ https://streaming.test/hls/prime/master.m3u8:0
[  380263ms] [ERROR] WebSocket connection to 'wss://localhost:8081/app/app-key?protocol=7&client=js&version=8.4.0&flash=false' failed: Error in connection establishment: net::ERR_SSL_PROTOCOL_ERROR @ http://[::1]:5173/node_modules/.vite/deps/pusher-js.js?v=6cb87dfa:3255
[  380408ms] [ERROR] Failed to load resource: the server responded with a status of 500 (Internal Server Error) @ https://streaming.test/hls/prime/master.m3u8:0
[  381470ms] [ERROR] Failed to load resource: the server responded with a status of 500 (Internal Server Error) @ https://streaming.test/hls/prime/master.m3u8:0
[  395264ms] [ERROR] WebSocket connection to 'wss://localhost:8081/app/app-key?protocol=7&client=js&version=8.4.0&flash=false' failed: Error in connection establishment: net::ERR_SSL_PROTOCOL_ERROR @ http://[::1]:5173/node_modules/.vite/deps/pusher-js.js?v=6cb87dfa:3255
[  416000ms] [ERROR] WebSocket connection to 'wss://localhost:8081/app/app-key?protocol=7&client=js&version=8.4.0&flash=false' failed: Error in connection establishment: net::ERR_SSL_PROTOCOL_ERROR @ http://[::1]:5173/node_modules/.vite/deps/pusher-js.js?v=6cb87dfa:3255
[  416126ms] [ERROR] Failed to load resource: the server responded with a status of 500 (Internal Server Error) @ https://streaming.test/hls/prime/master.m3u8:0
[  417204ms] [ERROR] Failed to load resource: the server responded with a status of 500 (Internal Server Error) @ https://streaming.test/hls/prime/master.m3u8:0
[  430975ms] [ERROR] WebSocket connection to 'wss://localhost:8081/app/app-key?protocol=7&client=js&version=8.4.0&flash=false' failed: Error in connection establishment: net::ERR_SSL_PROTOCOL_ERROR @ http://[::1]:5173/node_modules/.vite/deps/pusher-js.js?v=6cb87dfa:3255
[  436208ms] [ERROR] WebSocket connection to 'wss://localhost:8081/app/app-key?protocol=7&client=js&version=8.4.0&flash=false' failed: Error in connection establishment: net::ERR_SSL_PROTOCOL_ERROR @ http://[::1]:5173/node_modules/.vite/deps/pusher-js.js?v=6cb87dfa:3255
[  436393ms] [ERROR] Failed to load resource: the server responded with a status of 500 (Internal Server Error) @ https://streaming.test/hls/prime/master.m3u8:0
[  437453ms] [ERROR] Failed to load resource: the server responded with a status of 500 (Internal Server Error) @ https://streaming.test/hls/prime/master.m3u8:0
[  451190ms] [ERROR] WebSocket connection to 'wss://localhost:8081/app/app-key?protocol=7&client=js&version=8.4.0&flash=false' failed: Error in connection establishment: net::ERR_SSL_PROTOCOL_ERROR @ http://[::1]:5173/node_modules/.vite/deps/pusher-js.js?v=6cb87dfa:3255
[  481190ms] [ERROR] WebSocket connection to 'wss://localhost:8081/app/app-key?protocol=7&client=js&version=8.4.0&flash=false' failed: Error in connection establishment: net::ERR_SSL_PROTOCOL_ERROR @ http://[::1]:5173/node_modules/.vite/deps/pusher-js.js?v=6cb87dfa:3255
[  541189ms] [ERROR] WebSocket connection to 'wss://localhost:8081/app/app-key?protocol=7&client=js&version=8.4.0&flash=false' failed: Error in connection establishment: net::ERR_SSL_PROTOCOL_ERROR @ http://[::1]:5173/node_modules/.vite/deps/pusher-js.js?v=6cb87dfa:3255
[  601189ms] [ERROR] WebSocket connection to 'wss://localhost:8081/app/app-key?protocol=7&client=js&version=8.4.0&flash=false' failed: Error in connection establishment: net::ERR_SSL_PROTOCOL_ERROR @ http://[::1]:5173/node_modules/.vite/deps/pusher-js.js?v=6cb87dfa:3255
[  661191ms] [ERROR] WebSocket connection to 'wss://localhost:8081/app/app-key?protocol=7&client=js&version=8.4.0&flash=false' failed: Error in connection establishment: net::ERR_SSL_PROTOCOL_ERROR @ http://[::1]:5173/node_modules/.vite/deps/pusher-js.js?v=6cb87dfa:3255
[  721195ms] [ERROR] WebSocket connection to 'wss://localhost:8081/app/app-key?protocol=7&client=js&version=8.4.0&flash=false' failed: Error in connection establishment: net::ERR_SSL_PROTOCOL_ERROR @ http://[::1]:5173/node_modules/.vite/deps/pusher-js.js?v=6cb87dfa:3255
[  751856ms] [ERROR] WebSocket connection to 'wss://localhost:8081/app/app-key?protocol=7&client=js&version=8.4.0&flash=false' failed: Error in connection establishment: net::ERR_SSL_PROTOCOL_ERROR @ http://[::1]:5173/node_modules/.vite/deps/pusher-js.js?v=6cb87dfa:3255
[  751967ms] [ERROR] Failed to load resource: the server responded with a status of 500 (Internal Server Error) @ https://streaming.test/hls/prime/master.m3u8:0
[  753027ms] [ERROR] Failed to load resource: the server responded with a status of 500 (Internal Server Error) @ https://streaming.test/hls/prime/master.m3u8:0
[  766828ms] [ERROR] WebSocket connection to 'wss://localhost:8081/app/app-key?protocol=7&client=js&version=8.4.0&flash=false' failed: Error in connection establishment: net::ERR_SSL_PROTOCOL_ERROR @ http://[::1]:5173/node_modules/.vite/deps/pusher-js.js?v=6cb87dfa:3255
[  770987ms] [ERROR] WebSocket connection to 'wss://localhost:8081/app/app-key?protocol=7&client=js&version=8.4.0&flash=false' failed: Error in connection establishment: net::ERR_SSL_PROTOCOL_ERROR @ http://[::1]:5173/node_modules/.vite/deps/pusher-js.js?v=6cb87dfa:3255
[  771085ms] [ERROR] Failed to load resource: the server responded with a status of 500 (Internal Server Error) @ https://streaming.test/hls/prime/master.m3u8:0
[  772148ms] [ERROR] Failed to load resource: the server responded with a status of 500 (Internal Server Error) @ https://streaming.test/hls/prime/master.m3u8:0
[  778010ms] [ERROR] WebSocket connection to 'wss://localhost:8081/app/app-key?protocol=7&client=js&version=8.4.0&flash=false' failed: Error in connection establishment: net::ERR_SSL_PROTOCOL_ERROR @ http://[::1]:5173/node_modules/.vite/deps/pusher-js.js?v=6cb87dfa:3255
[  778113ms] [ERROR] Failed to load resource: the server responded with a status of 500 (Internal Server Error) @ https://streaming.test/hls/prime/master.m3u8:0
[  779173ms] [ERROR] Failed to load resource: the server responded with a status of 500 (Internal Server Error) @ https://streaming.test/hls/prime/master.m3u8:0
[  786839ms] [ERROR] WebSocket connection to 'wss://localhost:8081/app/app-key?protocol=7&client=js&version=8.4.0&flash=false' failed: Error in connection establishment: net::ERR_SSL_PROTOCOL_ERROR @ http://[::1]:5173/node_modules/.vite/deps/pusher-js.js?v=6cb87dfa:3255
[  787005ms] [ERROR] Failed to load resource: the server responded with a status of 500 (Internal Server Error) @ https://streaming.test/hls/prime/master.m3u8:0
[  788066ms] [ERROR] Failed to load resource: the server responded with a status of 500 (Internal Server Error) @ https://streaming.test/hls/prime/master.m3u8:0
[  801839ms] [ERROR] WebSocket connection to 'wss://localhost:8081/app/app-key?protocol=7&client=js&version=8.4.0&flash=false' failed: Error in connection establishment: net::ERR_SSL_PROTOCOL_ERROR @ http://[::1]:5173/node_modules/.vite/deps/pusher-js.js?v=6cb87dfa:3255
[  803252ms] [ERROR] WebSocket connection to 'wss://localhost:8081/app/app-key?protocol=7&client=js&version=8.4.0&flash=false' failed: Error in connection establishment: net::ERR_SSL_PROTOCOL_ERROR @ http://[::1]:5173/node_modules/.vite/deps/pusher-js.js?v=6cb87dfa:3255
[  803372ms] [ERROR] Failed to load resource: the server responded with a status of 500 (Internal Server Error) @ https://streaming.test/hls/prime/master.m3u8:0
[  804469ms] [ERROR] Failed to load resource: the server responded with a status of 500 (Internal Server Error) @ https://streaming.test/hls/prime/master.m3u8:0
[  809542ms] [ERROR] WebSocket connection to 'wss://localhost:8081/app/app-key?protocol=7&client=js&version=8.4.0&flash=false' failed: Error in connection establishment: net::ERR_SSL_PROTOCOL_ERROR @ http://[::1]:5173/node_modules/.vite/deps/pusher-js.js?v=6cb87dfa:3255
[  809646ms] [ERROR] Failed to load resource: the server responded with a status of 500 (Internal Server Error) @ https://streaming.test/hls/prime/master.m3u8:0
[  810707ms] [ERROR] Failed to load resource: the server responded with a status of 500 (Internal Server Error) @ https://streaming.test/hls/prime/master.m3u8:0
[  816720ms] [ERROR] WebSocket connection to 'wss://localhost:8081/app/app-key?protocol=7&client=js&version=8.4.0&flash=false' failed: Error in connection establishment: net::ERR_SSL_PROTOCOL_ERROR @ http://[::1]:5173/node_modules/.vite/deps/pusher-js.js?v=6cb87dfa:3255
[  816847ms] [ERROR] Failed to load resource: the server responded with a status of 500 (Internal Server Error) @ https://streaming.test/hls/prime/master.m3u8:0
[  817931ms] [ERROR] Failed to load resource: the server responded with a status of 500 (Internal Server Error) @ https://streaming.test/hls/prime/master.m3u8:0
[  821545ms] [ERROR] WebSocket connection to 'wss://localhost:8081/app/app-key?protocol=7&client=js&version=8.4.0&flash=false' failed: Error in connection establishment: net::ERR_SSL_PROTOCOL_ERROR @ http://[::1]:5173/node_modules/.vite/deps/pusher-js.js?v=6cb87dfa:3255
[  821650ms] [ERROR] Failed to load resource: the server responded with a status of 500 (Internal Server Error) @ https://streaming.test/hls/prime/master.m3u8:0
[  822721ms] [ERROR] Failed to load resource: the server responded with a status of 500 (Internal Server Error) @ https://streaming.test/hls/prime/master.m3u8:0
[  829373ms] [ERROR] WebSocket connection to 'wss://localhost:8081/app/app-key?protocol=7&client=js&version=8.4.0&flash=false' failed: Error in connection establishment: net::ERR_SSL_PROTOCOL_ERROR @ http://[::1]:5173/node_modules/.vite/deps/pusher-js.js?v=6cb87dfa:3255
[  829486ms] [ERROR] Failed to load resource: the server responded with a status of 500 (Internal Server Error) @ https://streaming.test/hls/prime/master.m3u8:0
[  830550ms] [ERROR] Failed to load resource: the server responded with a status of 500 (Internal Server Error) @ https://streaming.test/hls/prime/master.m3u8:0
[  844350ms] [ERROR] WebSocket connection to 'wss://localhost:8081/app/app-key?protocol=7&client=js&version=8.4.0&flash=false' failed: Error in connection establishment: net::ERR_SSL_PROTOCOL_ERROR @ http://[::1]:5173/node_modules/.vite/deps/pusher-js.js?v=6cb87dfa:3255
[  874350ms] [ERROR] WebSocket connection to 'wss://localhost:8081/app/app-key?protocol=7&client=js&version=8.4.0&flash=false' failed: Error in connection establishment: net::ERR_SSL_PROTOCOL_ERROR @ http://[::1]:5173/node_modules/.vite/deps/pusher-js.js?v=6cb87dfa:3255
[  918357ms] [ERROR] WebSocket connection to 'wss://localhost:8081/app/app-key?protocol=7&client=js&version=8.4.0&flash=false' failed: Error in connection establishment: net::ERR_SSL_PROTOCOL_ERROR @ http://[::1]:5173/node_modules/.vite/deps/pusher-js.js?v=6cb87dfa:3255
[  918537ms] [ERROR] Failed to load resource: the server responded with a status of 500 (Internal Server Error) @ https://streaming.test/hls/prime/master.m3u8:0
[  919611ms] [ERROR] Failed to load resource: the server responded with a status of 500 (Internal Server Error) @ https://streaming.test/hls/prime/master.m3u8:0
[  933335ms] [ERROR] WebSocket connection to 'wss://localhost:8081/app/app-key?protocol=7&client=js&version=8.4.0&flash=false' failed: Error in connection establishment: net::ERR_SSL_PROTOCOL_ERROR @ http://[::1]:5173/node_modules/.vite/deps/pusher-js.js?v=6cb87dfa:3255
[  936358ms] [ERROR] WebSocket connection to 'wss://localhost:8081/app/app-key?protocol=7&client=js&version=8.4.0&flash=false' failed: Error in connection establishment: net::ERR_SSL_PROTOCOL_ERROR @ http://[::1]:5173/node_modules/.vite/deps/pusher-js.js?v=6cb87dfa:3255
[  936648ms] [ERROR] Failed to load resource: the server responded with a status of 500 (Internal Server Error) @ https://streaming.test/hls/prime/master.m3u8:0
[  937767ms] [ERROR] Failed to load resource: the server responded with a status of 500 (Internal Server Error) @ https://streaming.test/hls/prime/master.m3u8:0
[  951340ms] [ERROR] WebSocket connection to 'wss://localhost:8081/app/app-key?protocol=7&client=js&version=8.4.0&flash=false' failed: Error in connection establishment: net::ERR_SSL_PROTOCOL_ERROR @ http://[::1]:5173/node_modules/.vite/deps/pusher-js.js?v=6cb87dfa:3255
[  981341ms] [ERROR] WebSocket connection to 'wss://localhost:8081/app/app-key?protocol=7&client=js&version=8.4.0&flash=false' failed: Error in connection establishment: net::ERR_SSL_PROTOCOL_ERROR @ http://[::1]:5173/node_modules/.vite/deps/pusher-js.js?v=6cb87dfa:3255
[ 1022232ms] [ERROR] WebSocket connection to 'wss://localhost:8081/app/app-key?protocol=7&client=js&version=8.4.0&flash=false' failed: Error in connection establishment: net::ERR_SSL_PROTOCOL_ERROR @ http://[::1]:5173/node_modules/.vite/deps/pusher-js.js?v=6cb87dfa:3255
[ 1022432ms] [ERROR] Failed to load resource: the server responded with a status of 500 (Internal Server Error) @ https://streaming.test/hls/prime/master.m3u8:0
[ 1023494ms] [ERROR] Failed to load resource: the server responded with a status of 500 (Internal Server Error) @ https://streaming.test/hls/prime/master.m3u8:0
[ 1030858ms] [ERROR] WebSocket connection to 'wss://localhost:8081/app/app-key?protocol=7&client=js&version=8.4.0&flash=false' failed: Error in connection establishment: net::ERR_SSL_PROTOCOL_ERROR @ http://[::1]:5173/node_modules/.vite/deps/pusher-js.js?v=6cb87dfa:3255
[ 1031038ms] [ERROR] Failed to load resource: the server responded with a status of 500 (Internal Server Error) @ https://streaming.test/hls/prime/master.m3u8:0
[ 1032116ms] [ERROR] Failed to load resource: the server responded with a status of 500 (Internal Server Error) @ https://streaming.test/hls/prime/master.m3u8:0
[ 1045809ms] [ERROR] WebSocket connection to 'wss://localhost:8081/app/app-key?protocol=7&client=js&version=8.4.0&flash=false' failed: Error in connection establishment: net::ERR_SSL_PROTOCOL_ERROR @ http://[::1]:5173/node_modules/.vite/deps/pusher-js.js?v=6cb87dfa:3255
[ 1075810ms] [ERROR] WebSocket connection to 'wss://localhost:8081/app/app-key?protocol=7&client=js&version=8.4.0&flash=false' failed: Error in connection establishment: net::ERR_SSL_PROTOCOL_ERROR @ http://[::1]:5173/node_modules/.vite/deps/pusher-js.js?v=6cb87dfa:3255
[ 1135809ms] [ERROR] WebSocket connection to 'wss://localhost:8081/app/app-key?protocol=7&client=js&version=8.4.0&flash=false' failed: Error in connection establishment: net::ERR_SSL_PROTOCOL_ERROR @ http://[::1]:5173/node_modules/.vite/deps/pusher-js.js?v=6cb87dfa:3255
[ 1169132ms] [ERROR] WebSocket connection to 'wss://localhost:8081/app/app-key?protocol=7&client=js&version=8.4.0&flash=false' failed: Error in connection establishment: net::ERR_SSL_PROTOCOL_ERROR @ http://[::1]:5173/node_modules/.vite/deps/pusher-js.js?v=6cb87dfa:3255
[ 1169320ms] [ERROR] Failed to load resource: the server responded with a status of 500 (Internal Server Error) @ https://streaming.test/hls/prime/master.m3u8:0
[ 1170384ms] [ERROR] Failed to load resource: the server responded with a status of 500 (Internal Server Error) @ https://streaming.test/hls/prime/master.m3u8:0
[ 1174114ms] [ERROR] WebSocket connection to 'wss://localhost:8081/app/app-key?protocol=7&client=js&version=8.4.0&flash=false' failed: Error in connection establishment: net::ERR_SSL_PROTOCOL_ERROR @ http://[::1]:5173/node_modules/.vite/deps/pusher-js.js?v=6cb87dfa:3255
[ 1174222ms] [ERROR] Failed to load resource: the server responded with a status of 500 (Internal Server Error) @ https://streaming.test/hls/prime/master.m3u8:0
[ 1175289ms] [ERROR] Failed to load resource: the server responded with a status of 500 (Internal Server Error) @ https://streaming.test/hls/prime/master.m3u8:0
[ 1185391ms] [ERROR] WebSocket connection to 'wss://localhost:8081/app/app-key?protocol=7&client=js&version=8.4.0&flash=false' failed: Error in connection establishment: net::ERR_SSL_PROTOCOL_ERROR @ http://[::1]:5173/node_modules/.vite/deps/pusher-js.js?v=6cb87dfa:3255
[ 1185508ms] [ERROR] Failed to load resource: the server responded with a status of 500 (Internal Server Error) @ https://streaming.test/hls/prime/master.m3u8:0
[ 1186577ms] [ERROR] Failed to load resource: the server responded with a status of 500 (Internal Server Error) @ https://streaming.test/hls/prime/master.m3u8:0
[ 1190986ms] [ERROR] WebSocket connection to 'wss://localhost:8081/app/app-key?protocol=7&client=js&version=8.4.0&flash=false' failed: Error in connection establishment: net::ERR_SSL_PROTOCOL_ERROR @ http://[::1]:5173/node_modules/.vite/deps/pusher-js.js?v=6cb87dfa:3255
[ 1191104ms] [ERROR] Failed to load resource: the server responded with a status of 500 (Internal Server Error) @ https://streaming.test/hls/prime/master.m3u8:0
[ 1192172ms] [ERROR] Failed to load resource: the server responded with a status of 500 (Internal Server Error) @ https://streaming.test/hls/prime/master.m3u8:0
[ 1199291ms] [ERROR] WebSocket connection to 'wss://localhost:8081/app/app-key?protocol=7&client=js&version=8.4.0&flash=false' failed: Error in connection establishment: net::ERR_SSL_PROTOCOL_ERROR @ http://[::1]:5173/node_modules/.vite/deps/pusher-js.js?v=6cb87dfa:3255
[ 1199462ms] [ERROR] Failed to load resource: the server responded with a status of 500 (Internal Server Error) @ https://streaming.test/hls/prime/master.m3u8:0
[ 1200544ms] [ERROR] Failed to load resource: the server responded with a status of 500 (Internal Server Error) @ https://streaming.test/hls/prime/master.m3u8:0
[ 1214262ms] [ERROR] WebSocket connection to 'wss://localhost:8081/app/app-key?protocol=7&client=js&version=8.4.0&flash=false' failed: Error in connection establishment: net::ERR_SSL_PROTOCOL_ERROR @ http://[::1]:5173/node_modules/.vite/deps/pusher-js.js?v=6cb87dfa:3255
[ 1221391ms] [ERROR] WebSocket connection to 'wss://localhost:8081/app/app-key?protocol=7&client=js&version=8.4.0&flash=false' failed: Error in connection establishment: net::ERR_SSL_PROTOCOL_ERROR @ http://[::1]:5173/node_modules/.vite/deps/pusher-js.js?v=6cb87dfa:3255
[ 1221516ms] [ERROR] Failed to load resource: the server responded with a status of 500 (Internal Server Error) @ https://streaming.test/hls/prime/master.m3u8:0
[ 1222581ms] [ERROR] Failed to load resource: the server responded with a status of 500 (Internal Server Error) @ https://streaming.test/hls/prime/master.m3u8:0
[ 1236361ms] [ERROR] WebSocket connection to 'wss://localhost:8081/app/app-key?protocol=7&client=js&version=8.4.0&flash=false' failed: Error in connection establishment: net::ERR_SSL_PROTOCOL_ERROR @ http://[::1]:5173/node_modules/.vite/deps/pusher-js.js?v=6cb87dfa:3255
[ 1266362ms] [ERROR] WebSocket connection to 'wss://localhost:8081/app/app-key?protocol=7&client=js&version=8.4.0&flash=false' failed: Error in connection establishment: net::ERR_SSL_PROTOCOL_ERROR @ http://[::1]:5173/node_modules/.vite/deps/pusher-js.js?v=6cb87dfa:3255
[ 1326364ms] [ERROR] WebSocket connection to 'wss://localhost:8081/app/app-key?protocol=7&client=js&version=8.4.0&flash=false' failed: Error in connection establishment: net::ERR_SSL_PROTOCOL_ERROR @ http://[::1]:5173/node_modules/.vite/deps/pusher-js.js?v=6cb87dfa:3255
[ 1330642ms] [ERROR] WebSocket connection to 'wss://localhost:8081/app/app-key?protocol=7&client=js&version=8.4.0&flash=false' failed: Error in connection establishment: net::ERR_SSL_PROTOCOL_ERROR @ http://[::1]:5173/node_modules/.vite/deps/pusher-js.js?v=6cb87dfa:3255
[ 1330760ms] [ERROR] Failed to load resource: the server responded with a status of 500 (Internal Server Error) @ https://streaming.test/hls/prime/master.m3u8:0
[ 1331818ms] [ERROR] Failed to load resource: the server responded with a status of 500 (Internal Server Error) @ https://streaming.test/hls/prime/master.m3u8:0
[ 1340606ms] [ERROR] WebSocket connection to 'wss://localhost:8081/app/app-key?protocol=7&client=js&version=8.4.0&flash=false' failed: Error in connection establishment: net::ERR_SSL_PROTOCOL_ERROR @ http://[::1]:5173/node_modules/.vite/deps/pusher-js.js?v=6cb87dfa:3255
[ 1340726ms] [ERROR] Failed to load resource: the server responded with a status of 500 (Internal Server Error) @ https://streaming.test/hls/prime/master.m3u8:0
[ 1341785ms] [ERROR] Failed to load resource: the server responded with a status of 500 (Internal Server Error) @ https://streaming.test/hls/prime/master.m3u8:0
[ 1355578ms] [ERROR] WebSocket connection to 'wss://localhost:8081/app/app-key?protocol=7&client=js&version=8.4.0&flash=false' failed: Error in connection establishment: net::ERR_SSL_PROTOCOL_ERROR @ http://[::1]:5173/node_modules/.vite/deps/pusher-js.js?v=6cb87dfa:3255
[ 1385578ms] [ERROR] WebSocket connection to 'wss://localhost:8081/app/app-key?protocol=7&client=js&version=8.4.0&flash=false' failed: Error in connection establishment: net::ERR_SSL_PROTOCOL_ERROR @ http://[::1]:5173/node_modules/.vite/deps/pusher-js.js?v=6cb87dfa:3255
[ 1387558ms] [ERROR] WebSocket connection to 'wss://localhost:8081/app/app-key?protocol=7&client=js&version=8.4.0&flash=false' failed: Error in connection establishment: net::ERR_SSL_PROTOCOL_ERROR @ http://[::1]:5173/node_modules/.vite/deps/pusher-js.js?v=6cb87dfa:3255
[ 1387699ms] [ERROR] Failed to load resource: the server responded with a status of 500 (Internal Server Error) @ https://streaming.test/hls/prime/master.m3u8:0
[ 1388756ms] [ERROR] Failed to load resource: the server responded with a status of 500 (Internal Server Error) @ https://streaming.test/hls/prime/master.m3u8:0
[ 1402529ms] [ERROR] WebSocket connection to 'wss://localhost:8081/app/app-key?protocol=7&client=js&version=8.4.0&flash=false' failed: Error in connection establishment: net::ERR_SSL_PROTOCOL_ERROR @ http://[::1]:5173/node_modules/.vite/deps/pusher-js.js?v=6cb87dfa:3255
[ 1414793ms] [ERROR] WebSocket connection to 'wss://localhost:8081/app/app-key?protocol=7&client=js&version=8.4.0&flash=false' failed: Error in connection establishment: net::ERR_SSL_PROTOCOL_ERROR @ http://[::1]:5173/node_modules/.vite/deps/pusher-js.js?v=6cb87dfa:3255
[ 1414924ms] [ERROR] Failed to load resource: the server responded with a status of 500 (Internal Server Error) @ https://streaming.test/hls/prime/master.m3u8:0
[ 1415989ms] [ERROR] Failed to load resource: the server responded with a status of 500 (Internal Server Error) @ https://streaming.test/hls/prime/master.m3u8:0
[ 1429766ms] [ERROR] WebSocket connection to 'wss://localhost:8081/app/app-key?protocol=7&client=js&version=8.4.0&flash=false' failed: Error in connection establishment: net::ERR_SSL_PROTOCOL_ERROR @ http://[::1]:5173/node_modules/.vite/deps/pusher-js.js?v=6cb87dfa:3255
[ 1459767ms] [ERROR] WebSocket connection to 'wss://localhost:8081/app/app-key?protocol=7&client=js&version=8.4.0&flash=false' failed: Error in connection establishment: net::ERR_SSL_PROTOCOL_ERROR @ http://[::1]:5173/node_modules/.vite/deps/pusher-js.js?v=6cb87dfa:3255
[ 1470269ms] [ERROR] WebSocket connection to 'wss://localhost:8081/app/app-key?protocol=7&client=js&version=8.4.0&flash=false' failed: Error in connection establishment: net::ERR_SSL_PROTOCOL_ERROR @ http://[::1]:5173/node_modules/.vite/deps/pusher-js.js?v=6cb87dfa:3255
[ 1470371ms] [ERROR] Failed to load resource: the server responded with a status of 500 (Internal Server Error) @ https://streaming.test/hls/prime/master.m3u8:0
[ 1471440ms] [ERROR] Failed to load resource: the server responded with a status of 500 (Internal Server Error) @ https://streaming.test/hls/prime/master.m3u8:0
[ 1476065ms] [ERROR] WebSocket connection to 'wss://localhost:8081/app/app-key?protocol=7&client=js&version=8.4.0&flash=false' failed: Error in connection establishment: net::ERR_SSL_PROTOCOL_ERROR @ http://[::1]:5173/node_modules/.vite/deps/pusher-js.js?v=6cb87dfa:3255
[ 1476268ms] [ERROR] Failed to load resource: the server responded with a status of 500 (Internal Server Error) @ https://streaming.test/hls/prime/master.m3u8:0
[ 1477335ms] [ERROR] Failed to load resource: the server responded with a status of 500 (Internal Server Error) @ https://streaming.test/hls/prime/master.m3u8:0
[ 1483514ms] [ERROR] WebSocket connection to 'wss://localhost:8081/app/app-key?protocol=7&client=js&version=8.4.0&flash=false' failed: Error in connection establishment: net::ERR_SSL_PROTOCOL_ERROR @ http://[::1]:5173/node_modules/.vite/deps/pusher-js.js?v=6cb87dfa:3255
[ 1483607ms] [ERROR] Failed to load resource: the server responded with a status of 500 (Internal Server Error) @ https://streaming.test/hls/prime/master.m3u8:0
[ 1484682ms] [ERROR] Failed to load resource: the server responded with a status of 500 (Internal Server Error) @ https://streaming.test/hls/prime/master.m3u8:0
[ 1491213ms] [ERROR] WebSocket connection to 'wss://localhost:8081/app/app-key?protocol=7&client=js&version=8.4.0&flash=false' failed: Error in connection establishment: net::ERR_SSL_PROTOCOL_ERROR @ http://[::1]:5173/node_modules/.vite/deps/pusher-js.js?v=6cb87dfa:3255
[ 1491280ms] [ERROR] Failed to load resource: the server responded with a status of 500 (Internal Server Error) @ https://streaming.test/hls/prime/master.m3u8:0
[ 1492361ms] [ERROR] Failed to load resource: the server responded with a status of 500 (Internal Server Error) @ https://streaming.test/hls/prime/master.m3u8:0
[ 1498009ms] [ERROR] Failed to load resource: the server responded with a status of 500 (Internal Server Error) @ https://streaming.test/:0
[ 1498042ms] [INFO] %cDownload the React DevTools for a better development experience: https://reactjs.org/link/react-devtools font-weight:bold @ https://streaming.test/:131
[ 1498053ms] [LOG] {report: Object, shareableReport: Object, config: Object, solutions: Array(1), updateConfigEndpoint: /_ignition/update-config} {frames: Array(38), context_items: Object, custom_context_items: Array(0), type: web, entry_point: https://streaming.test/} @ https://streaming.test/:136
[ 1501704ms] [ERROR] WebSocket connection to 'wss://localhost:8081/app/app-key?protocol=7&client=js&version=8.4.0&flash=false' failed: Error in connection establishment: net::ERR_SSL_PROTOCOL_ERROR @ http://[::1]:5173/node_modules/.vite/deps/pusher-js.js?v=6cb87dfa:3255
[ 1501758ms] [ERROR] Failed to load resource: the server responded with a status of 500 (Internal Server Error) @ https://streaming.test/hls/prime/master.m3u8:0
[ 1502811ms] [ERROR] Failed to load resource: the server responded with a status of 500 (Internal Server Error) @ https://streaming.test/hls/prime/master.m3u8:0
[ 1506036ms] [ERROR] WebSocket connection to 'wss://localhost:8081/app/app-key?protocol=7&client=js&version=8.4.0&flash=false' failed: Error in connection establishment: net::ERR_SSL_PROTOCOL_ERROR @ http://[::1]:5173/node_modules/.vite/deps/pusher-js.js?v=6cb87dfa:3255
[ 1506145ms] [ERROR] Failed to load resource: the server responded with a status of 500 (Internal Server Error) @ https://streaming.test/hls/prime/master.m3u8:0
[ 1507217ms] [ERROR] Failed to load resource: the server responded with a status of 500 (Internal Server Error) @ https://streaming.test/hls/prime/master.m3u8:0
[ 1515115ms] [ERROR] WebSocket connection to 'wss://localhost:8081/app/app-key?protocol=7&client=js&version=8.4.0&flash=false' failed: Error in connection establishment: net::ERR_SSL_PROTOCOL_ERROR @ http://[::1]:5173/node_modules/.vite/deps/pusher-js.js?v=6cb87dfa:3255
[ 1515220ms] [ERROR] Failed to load resource: the server responded with a status of 500 (Internal Server Error) @ https://streaming.test/hls/prime/master.m3u8:0
[ 1516263ms] [ERROR] Failed to load resource: the server responded with a status of 500 (Internal Server Error) @ https://streaming.test/hls/prime/master.m3u8:0
[ 1520278ms] [ERROR] WebSocket connection to 'wss://localhost:8081/app/app-key?protocol=7&client=js&version=8.4.0&flash=false' failed: Error in connection establishment: net::ERR_SSL_PROTOCOL_ERROR @ http://[::1]:5173/node_modules/.vite/deps/pusher-js.js?v=6cb87dfa:3255
[ 1520334ms] [ERROR] Failed to load resource: the server responded with a status of 500 (Internal Server Error) @ https://streaming.test/hls/prime/master.m3u8:0
[ 1521405ms] [ERROR] Failed to load resource: the server responded with a status of 500 (Internal Server Error) @ https://streaming.test/hls/prime/master.m3u8:0
[ 1535265ms] [ERROR] WebSocket connection to 'wss://localhost:8081/app/app-key?protocol=7&client=js&version=8.4.0&flash=false' failed: Error in connection establishment: net::ERR_SSL_PROTOCOL_ERROR @ http://[::1]:5173/node_modules/.vite/deps/pusher-js.js?v=6cb87dfa:3255
[ 1557940ms] [ERROR] WebSocket connection to 'wss://localhost:8081/app/app-key?protocol=7&client=js&version=8.4.0&flash=false' failed: Error in connection establishment: net::ERR_SSL_PROTOCOL_ERROR @ http://[::1]:5173/node_modules/.vite/deps/pusher-js.js?v=6cb87dfa:3255
[ 1558024ms] [ERROR] Failed to load resource: the server responded with a status of 500 (Internal Server Error) @ https://streaming.test/hls/prime/master.m3u8:0
[ 1559091ms] [ERROR] Failed to load resource: the server responded with a status of 500 (Internal Server Error) @ https://streaming.test/hls/prime/master.m3u8:0
[ 1572923ms] [ERROR] WebSocket connection to 'wss://localhost:8081/app/app-key?protocol=7&client=js&version=8.4.0&flash=false' failed: Error in connection establishment: net::ERR_SSL_PROTOCOL_ERROR @ http://[::1]:5173/node_modules/.vite/deps/pusher-js.js?v=6cb87dfa:3255
[ 1573814ms] [ERROR] WebSocket connection to 'wss://localhost:8081/app/app-key?protocol=7&client=js&version=8.4.0&flash=false' failed: Error in connection establishment: net::ERR_SSL_PROTOCOL_ERROR @ http://[::1]:5173/node_modules/.vite/deps/pusher-js.js?v=6cb87dfa:3255
[ 1573854ms] [ERROR] Failed to load resource: the server responded with a status of 500 (Internal Server Error) @ https://streaming.test/hls/prime/master.m3u8:0
[ 1574964ms] [ERROR] Failed to load resource: the server responded with a status of 500 (Internal Server Error) @ https://streaming.test/hls/prime/master.m3u8:0
[ 1584043ms] [ERROR] WebSocket connection to 'wss://localhost:8081/app/app-key?protocol=7&client=js&version=8.4.0&flash=false' failed: Error in connection establishment: net::ERR_SSL_PROTOCOL_ERROR @ http://[::1]:5173/node_modules/.vite/deps/pusher-js.js?v=6cb87dfa:3255
[ 1584130ms] [ERROR] Failed to load resource: the server responded with a status of 500 (Internal Server Error) @ https://streaming.test/hls/prime/master.m3u8:0
[ 1585194ms] [ERROR] Failed to load resource: the server responded with a status of 500 (Internal Server Error) @ https://streaming.test/hls/prime/master.m3u8:0
[ 1598995ms] [ERROR] WebSocket connection to 'wss://localhost:8081/app/app-key?protocol=7&client=js&version=8.4.0&flash=false' failed: Error in connection establishment: net::ERR_SSL_PROTOCOL_ERROR @ http://[::1]:5173/node_modules/.vite/deps/pusher-js.js?v=6cb87dfa:3255
[ 1603082ms] [ERROR] WebSocket connection to 'wss://localhost:8081/app/app-key?protocol=7&client=js&version=8.4.0&flash=false' failed: Error in connection establishment: net::ERR_SSL_PROTOCOL_ERROR @ http://[::1]:5173/node_modules/.vite/deps/pusher-js.js?v=6cb87dfa:3255
[ 1603256ms] [ERROR] Failed to load resource: the server responded with a status of 500 (Internal Server Error) @ https://streaming.test/hls/prime/master.m3u8:0
[ 1604318ms] [ERROR] Failed to load resource: the server responded with a status of 500 (Internal Server Error) @ https://streaming.test/hls/prime/master.m3u8:0
[ 1618066ms] [ERROR] WebSocket connection to 'wss://localhost:8081/app/app-key?protocol=7&client=js&version=8.4.0&flash=false' failed: Error in connection establishment: net::ERR_SSL_PROTOCOL_ERROR @ http://[::1]:5173/node_modules/.vite/deps/pusher-js.js?v=6cb87dfa:3255
[ 1635847ms] [ERROR] WebSocket connection to 'wss://localhost:8081/app/app-key?protocol=7&client=js&version=8.4.0&flash=false' failed: Error in connection establishment: net::ERR_SSL_PROTOCOL_ERROR @ http://[::1]:5173/node_modules/.vite/deps/pusher-js.js?v=6cb87dfa:3255
[ 1636385ms] [ERROR] Failed to load resource: the server responded with a status of 500 (Internal Server Error) @ https://streaming.test/hls/prime/master.m3u8:0
[ 1637613ms] [ERROR] Failed to load resource: the server responded with a status of 500 (Internal Server Error) @ https://streaming.test/hls/prime/master.m3u8:0
[ 1643921ms] [ERROR] WebSocket connection to 'wss://localhost:8081/app/app-key?protocol=7&client=js&version=8.4.0&flash=false' failed: Error in connection establishment: net::ERR_SSL_PROTOCOL_ERROR @ http://[::1]:5173/node_modules/.vite/deps/pusher-js.js?v=6cb87dfa:3255
[ 1644277ms] [ERROR] Failed to load resource: the server responded with a status of 500 (Internal Server Error) @ https://streaming.test/hls/prime/master.m3u8:0
[ 1645363ms] [ERROR] Failed to load resource: the server responded with a status of 500 (Internal Server Error) @ https://streaming.test/hls/prime/master.m3u8:0
[ 1658899ms] [ERROR] WebSocket connection to 'wss://localhost:8081/app/app-key?protocol=7&client=js&version=8.4.0&flash=false' failed: Error in connection establishment: net::ERR_SSL_PROTOCOL_ERROR @ http://[::1]:5173/node_modules/.vite/deps/pusher-js.js?v=6cb87dfa:3255
[ 1681649ms] [ERROR] WebSocket connection to 'wss://localhost:8081/app/app-key?protocol=7&client=js&version=8.4.0&flash=false' failed: Error in connection establishment: net::ERR_SSL_PROTOCOL_ERROR @ http://[::1]:5173/node_modules/.vite/deps/pusher-js.js?v=6cb87dfa:3255
[ 1682073ms] [ERROR] Failed to load resource: the server responded with a status of 502 (Bad Gateway) @ https://streaming.test/hls/prime/master.m3u8:0
[ 1683200ms] [ERROR] Failed to load resource: the server responded with a status of 502 (Bad Gateway) @ https://streaming.test/hls/prime/master.m3u8:0
[ 1696627ms] [ERROR] WebSocket connection to 'wss://localhost:8081/app/app-key?protocol=7&client=js&version=8.4.0&flash=false' failed: Error in connection establishment: net::ERR_SSL_PROTOCOL_ERROR @ http://[::1]:5173/node_modules/.vite/deps/pusher-js.js?v=6cb87dfa:3255
[ 1698462ms] [ERROR] WebSocket connection to 'wss://localhost:8081/app/app-key?protocol=7&client=js&version=8.4.0&flash=false' failed: Error in connection establishment: net::ERR_SSL_PROTOCOL_ERROR @ http://[::1]:5173/node_modules/.vite/deps/pusher-js.js?v=6cb87dfa:3255
[ 1698572ms] [ERROR] Failed to load resource: the server responded with a status of 502 (Bad Gateway) @ https://streaming.test/hls/prime/master.m3u8:0
[ 1699641ms] [ERROR] Failed to load resource: the server responded with a status of 502 (Bad Gateway) @ https://streaming.test/hls/prime/master.m3u8:0
[ 1705682ms] [ERROR] WebSocket connection to 'wss://localhost:8081/app/app-key?protocol=7&client=js&version=8.4.0&flash=false' failed: Error in connection establishment: net::ERR_SSL_PROTOCOL_ERROR @ http://[::1]:5173/node_modules/.vite/deps/pusher-js.js?v=6cb87dfa:3255
[ 1705741ms] [ERROR] Failed to load resource: the server responded with a status of 502 (Bad Gateway) @ https://streaming.test/hls/prime/master.m3u8:0
[ 1706808ms] [ERROR] Failed to load resource: the server responded with a status of 502 (Bad Gateway) @ https://streaming.test/hls/prime/master.m3u8:0
[ 1720662ms] [ERROR] WebSocket connection to 'wss://localhost:8081/app/app-key?protocol=7&client=js&version=8.4.0&flash=false' failed: Error in connection establishment: net::ERR_SSL_PROTOCOL_ERROR @ http://[::1]:5173/node_modules/.vite/deps/pusher-js.js?v=6cb87dfa:3255
[ 1750667ms] [ERROR] WebSocket connection to 'wss://localhost:8081/app/app-key?protocol=7&client=js&version=8.4.0&flash=false' failed: Error in connection establishment: net::ERR_SSL_PROTOCOL_ERROR @ http://[::1]:5173/node_modules/.vite/deps/pusher-js.js?v=6cb87dfa:3255
[ 1752950ms] [ERROR] WebSocket connection to 'wss://localhost:8081/app/app-key?protocol=7&client=js&version=8.4.0&flash=false' failed: Error in connection establishment: net::ERR_SSL_PROTOCOL_ERROR @ http://[::1]:5173/node_modules/.vite/deps/pusher-js.js?v=6cb87dfa:3255
[ 1753037ms] [ERROR] Failed to load resource: the server responded with a status of 502 (Bad Gateway) @ https://streaming.test/hls/prime/master.m3u8:0
[ 1754127ms] [ERROR] Failed to load resource: the server responded with a status of 502 (Bad Gateway) @ https://streaming.test/hls/prime/master.m3u8:0
[ 1759841ms] [ERROR] WebSocket connection to 'wss://localhost:8081/app/app-key?protocol=7&client=js&version=8.4.0&flash=false' failed: Error in connection establishment: net::ERR_SSL_PROTOCOL_ERROR @ http://[::1]:5173/node_modules/.vite/deps/pusher-js.js?v=6cb87dfa:3255
[ 1759914ms] [ERROR] Failed to load resource: the server responded with a status of 502 (Bad Gateway) @ https://streaming.test/hls/prime/master.m3u8:0
[ 1761075ms] [ERROR] Failed to load resource: the server responded with a status of 502 (Bad Gateway) @ https://streaming.test/hls/prime/master.m3u8:0
[ 1774843ms] [ERROR] WebSocket connection to 'wss://localhost:8081/app/app-key?protocol=7&client=js&version=8.4.0&flash=false' failed: Error in connection establishment: net::ERR_SSL_PROTOCOL_ERROR @ http://[::1]:5173/node_modules/.vite/deps/pusher-js.js?v=6cb87dfa:3255
[ 1804857ms] [ERROR] WebSocket connection to 'wss://localhost:8081/app/app-key?protocol=7&client=js&version=8.4.0&flash=false' failed: Error in connection establishment: net::ERR_SSL_PROTOCOL_ERROR @ http://[::1]:5173/node_modules/.vite/deps/pusher-js.js?v=6cb87dfa:3255
[ 1806335ms] [ERROR] WebSocket connection to 'wss://localhost:8081/app/app-key?protocol=7&client=js&version=8.4.0&flash=false' failed: Error in connection establishment: net::ERR_SSL_PROTOCOL_ERROR @ http://[::1]:5173/node_modules/.vite/deps/pusher-js.js?v=6cb87dfa:3255
[ 1807406ms] [ERROR] Failed to load resource: the server responded with a status of 500 (Internal Server Error) @ http://localhost:8085/live/prime_sd_1785371822_00011.ts?streamkey=aPcEuvmemJki3cSBdgoQ4RTnv50arst5:0
[ 1812570ms] [ERROR] WebSocket connection to 'wss://localhost:8081/app/app-key?protocol=7&client=js&version=8.4.0&flash=false' failed: Error in connection establishment: net::ERR_SSL_PROTOCOL_ERROR @ http://[::1]:5173/node_modules/.vite/deps/pusher-js.js?v=6cb87dfa:3255
[ 1818649ms] [ERROR] Failed to load resource: the server responded with a status of 500 (Internal Server Error) @ http://localhost:8085/live/prime_sd_1785371822_00015.ts?streamkey=aPcEuvmemJki3cSBdgoQ4RTnv50arst5:0
