[     694ms] [WARNING] Mixed Content: The page at 'https://streaming.test/' was loaded over HTTPS, but requested an insecure element 'http://localhost:7070/ef-streaming/shows/thumbnails/show_1_20260730024409.jpg?X-Amz-Content-Sha256=UNSIGNED-PAYLOAD&X-Amz-Algorithm=AWS4-HMAC-SHA256&X-Amz-Credential=devkey%2F20260730%2Feu-central-1%2Fs3%2Faws4_request&X-Amz-Date=20260730T011523Z&X-Amz-SignedHeaders=host&X-Amz-Expires=3600&X-Amz-Signature=f012d06af858bf0ef5cef69d99789ccff5bef49d27226a149a5107c1f90955b2'. This request was not upgraded to HTTPS because it is a local network request. @ https://streaming.test/:0
[     695ms] [WARNING] Mixed Content: The page at 'https://streaming.test/' was loaded over HTTPS, but requested an insecure element 'http://localhost:7070/ef-streaming/shows/thumbnails/show_1_20260730024409.jpg?X-Amz-Content-Sha256=UNSIGNED-PAYLOAD&X-Amz-Algorithm=AWS4-HMAC-SHA256&X-Amz-Credential=devkey%2F20260730%2Feu-central-1%2Fs3%2Faws4_request&X-Amz-Date=20260730T011523Z&X-Amz-SignedHeaders=host&X-Amz-Expires=3600&X-Amz-Signature=f012d06af858bf0ef5cef69d99789ccff5bef49d27226a149a5107c1f90955b2'. This request was not upgraded to HTTPS because it is a local network request. @ https://streaming.test/:0
[     709ms] [ERROR] WebSocket connection to 'wss://localhost:8081/app/app-key?protocol=7&client=js&version=8.4.0&flash=false' failed: Error in connection establishment: net::ERR_SSL_PROTOCOL_ERROR @ http://[::1]:5173/node_modules/.vite/deps/pusher-js.js?v=6cb87dfa:3255
[    5280ms] [ERROR] Failed to load resource: the server responded with a status of 500 (Internal Server Error) @ https://streaming.test/hls/prime_fhd.m3u8:0
[    6446ms] [ERROR] Failed to load resource: the server responded with a status of 500 (Internal Server Error) @ https://streaming.test/hls/prime_fhd.m3u8:0
[    8562ms] [ERROR] Failed to load resource: the server responded with a status of 500 (Internal Server Error) @ https://streaming.test/hls/prime_fhd.m3u8:0
[    8684ms] [ERROR] Failed to load resource: the server responded with a status of 500 (Internal Server Error) @ https://streaming.test/hls/prime_hd.m3u8:0
[    9755ms] [ERROR] Failed to load resource: the server responded with a status of 500 (Internal Server Error) @ https://streaming.test/hls/prime_hd.m3u8:0
[   11829ms] [ERROR] Failed to load resource: the server responded with a status of 500 (Internal Server Error) @ https://streaming.test/hls/prime_hd.m3u8:0
[   11888ms] [ERROR] Failed to load resource: the server responded with a status of 500 (Internal Server Error) @ https://streaming.test/hls/prime_sd.m3u8:0
[   13015ms] [ERROR] Failed to load resource: the server responded with a status of 500 (Internal Server Error) @ https://streaming.test/hls/prime_sd.m3u8:0
[   15095ms] [ERROR] Failed to load resource: the server responded with a status of 500 (Internal Server Error) @ https://streaming.test/hls/prime_sd.m3u8:0
[   15182ms] [ERROR] Failed to load resource: the server responded with a status of 500 (Internal Server Error) @ https://streaming.test/hls/prime_fhd.m3u8:0
[   15684ms] [ERROR] WebSocket connection to 'wss://localhost:8081/app/app-key?protocol=7&client=js&version=8.4.0&flash=false' failed: Error in connection establishment: net::ERR_SSL_PROTOCOL_ERROR @ http://[::1]:5173/node_modules/.vite/deps/pusher-js.js?v=6cb87dfa:3255
[   16299ms] [ERROR] Failed to load resource: the server responded with a status of 500 (Internal Server Error) @ https://streaming.test/hls/prime_fhd.m3u8:0
[   18493ms] [ERROR] Failed to load resource: the server responded with a status of 500 (Internal Server Error) @ https://streaming.test/hls/prime_fhd.m3u8:0
[   18648ms] [ERROR] Failed to load resource: the server responded with a status of 500 (Internal Server Error) @ https://streaming.test/hls/prime_hd.m3u8:0
[   19748ms] [ERROR] Failed to load resource: the server responded with a status of 500 (Internal Server Error) @ https://streaming.test/hls/prime_hd.m3u8:0
[   21834ms] [ERROR] Failed to load resource: the server responded with a status of 500 (Internal Server Error) @ https://streaming.test/hls/prime_hd.m3u8:0
[   21882ms] [ERROR] Failed to load resource: the server responded with a status of 500 (Internal Server Error) @ https://streaming.test/hls/prime_sd.m3u8:0
[   22959ms] [ERROR] Failed to load resource: the server responded with a status of 500 (Internal Server Error) @ https://streaming.test/hls/prime_sd.m3u8:0
[   25049ms] [ERROR] Failed to load resource: the server responded with a status of 500 (Internal Server Error) @ https://streaming.test/hls/prime_sd.m3u8:0
[   25100ms] [ERROR] Failed to load resource: the server responded with a status of 500 (Internal Server Error) @ https://streaming.test/hls/prime_fhd.m3u8:0
[   26178ms] [ERROR] Failed to load resource: the server responded with a status of 500 (Internal Server Error) @ https://streaming.test/hls/prime_fhd.m3u8:0
[   28281ms] [ERROR] Failed to load resource: the server responded with a status of 500 (Internal Server Error) @ https://streaming.test/hls/prime_fhd.m3u8:0
[   28351ms] [ERROR] Failed to load resource: the server responded with a status of 500 (Internal Server Error) @ https://streaming.test/hls/prime_hd.m3u8:0
[   29428ms] [ERROR] Failed to load resource: the server responded with a status of 500 (Internal Server Error) @ https://streaming.test/hls/prime_hd.m3u8:0
[   30509ms] [WARNING] Mixed Content: The page at 'https://streaming.test/' was loaded over HTTPS, but requested an insecure element 'http://localhost:7070/ef-streaming/shows/thumbnails/show_1_20260730024409.jpg?X-Amz-Content-Sha256=UNSIGNED-PAYLOAD&X-Amz-Algorithm=AWS4-HMAC-SHA256&X-Amz-Credential=devkey%2F20260730%2Feu-central-1%2Fs3%2Faws4_request&X-Amz-Date=20260730T011553Z&X-Amz-SignedHeaders=host&X-Amz-Expires=3600&X-Amz-Signature=1dc8524475af05dac0cad68d878f2eee914272a3c7a58f29f70249a04eaf7326'. This request was not upgraded to HTTPS because it is a local network request. @ https://streaming.test/:0
[   30509ms] [WARNING] Mixed Content: The page at 'https://streaming.test/' was loaded over HTTPS, but requested an insecure element 'http://localhost:7070/ef-streaming/shows/thumbnails/show_1_20260730024409.jpg?X-Amz-Content-Sha256=UNSIGNED-PAYLOAD&X-Amz-Algorithm=AWS4-HMAC-SHA256&X-Amz-Credential=devkey%2F20260730%2Feu-central-1%2Fs3%2Faws4_request&X-Amz-Date=20260730T011553Z&X-Amz-SignedHeaders=host&X-Amz-Expires=3600&X-Amz-Signature=1dc8524475af05dac0cad68d878f2eee914272a3c7a58f29f70249a04eaf7326'. This request was not upgraded to HTTPS because it is a local network request. @ https://streaming.test/:0
[   30523ms] [ERROR] Failed to load resource: net::ERR_CONNECTION_REFUSED @ http://localhost:7070/ef-streaming/shows/thumbnails/show_1_20260730024409.jpg?X-Amz-Content-Sha256=UNSIGNED-PAYLOAD&X-Amz-Algorithm=AWS4-HMAC-SHA256&X-Amz-Credential=devkey%2F20260730%2Feu-central-1%2Fs3%2Faws4_request&X-Amz-Date=20260730T011553Z&X-Amz-SignedHeaders=host&X-Amz-Expires=3600&X-Amz-Signature=1dc8524475af05dac0cad68d878f2eee914272a3c7a58f29f70249a04eaf7326:0
[   30530ms] [ERROR] WebSocket connection to 'wss://localhost:8081/app/app-key?protocol=7&client=js&version=8.4.0&flash=false' failed: Error in connection establishment: net::ERR_SSL_PROTOCOL_ERROR @ http://[::1]:5173/node_modules/.vite/deps/pusher-js.js?v=6cb87dfa:3255
[   30727ms] [ERROR] Failed to load resource: the server responded with a status of 500 (Internal Server Error) @ https://streaming.test/hls/prime/master.m3u8:0
[   31842ms] [ERROR] Failed to load resource: the server responded with a status of 500 (Internal Server Error) @ https://streaming.test/hls/prime/master.m3u8:0
[   45470ms] [ERROR] WebSocket connection to 'wss://localhost:8081/app/app-key?protocol=7&client=js&version=8.4.0&flash=false' failed: Error in connection establishment: net::ERR_SSL_PROTOCOL_ERROR @ http://[::1]:5173/node_modules/.vite/deps/pusher-js.js?v=6cb87dfa:3255
[   56466ms] [WARNING] Mixed Content: The page at 'https://streaming.test/' was loaded over HTTPS, but requested an insecure element 'http://localhost:7070/ef-streaming/shows/thumbnails/show_1_20260730024409.jpg?X-Amz-Content-Sha256=UNSIGNED-PAYLOAD&X-Amz-Algorithm=AWS4-HMAC-SHA256&X-Amz-Credential=devkey%2F20260730%2Feu-central-1%2Fs3%2Faws4_request&X-Amz-Date=20260730T011619Z&X-Amz-SignedHeaders=host&X-Amz-Expires=3600&X-Amz-Signature=ee200e2c15434e0bece84b38bae0438a7b5f42430692941c1d1c4b513e30de4d'. This request was not upgraded to HTTPS because it is a local network request. @ https://streaming.test/:0
[   56466ms] [WARNING] Mixed Content: The page at 'https://streaming.test/' was loaded over HTTPS, but requested an insecure element 'http://localhost:7070/ef-streaming/shows/thumbnails/show_1_20260730024409.jpg?X-Amz-Content-Sha256=UNSIGNED-PAYLOAD&X-Amz-Algorithm=AWS4-HMAC-SHA256&X-Amz-Credential=devkey%2F20260730%2Feu-central-1%2Fs3%2Faws4_request&X-Amz-Date=20260730T011619Z&X-Amz-SignedHeaders=host&X-Amz-Expires=3600&X-Amz-Signature=ee200e2c15434e0bece84b38bae0438a7b5f42430692941c1d1c4b513e30de4d'. This request was not upgraded to HTTPS because it is a local network request. @ https://streaming.test/:0
[   56484ms] [ERROR] Failed to load resource: net::ERR_CONNECTION_REFUSED @ http://localhost:7070/ef-streaming/shows/thumbnails/show_1_20260730024409.jpg?X-Amz-Content-Sha256=UNSIGNED-PAYLOAD&X-Amz-Algorithm=AWS4-HMAC-SHA256&X-Amz-Credential=devkey%2F20260730%2Feu-central-1%2Fs3%2Faws4_request&X-Amz-Date=20260730T011619Z&X-Amz-SignedHeaders=host&X-Amz-Expires=3600&X-Amz-Signature=ee200e2c15434e0bece84b38bae0438a7b5f42430692941c1d1c4b513e30de4d:0
[   56493ms] [ERROR] WebSocket connection to 'wss://localhost:8081/app/app-key?protocol=7&client=js&version=8.4.0&flash=false' failed: Error in connection establishment: net::ERR_SSL_PROTOCOL_ERROR @ http://[::1]:5173/node_modules/.vite/deps/pusher-js.js?v=6cb87dfa:3255
